Archive member included to satisfy reference by file (symbol)

C:/devkitPro/libctru/lib\libcitro2d.a(base.o)
                              main.o (C2D_Init)
C:/devkitPro/libctru/lib\libcitro2d.a(text.o)
                              main.o (C2D_TextBufNew)
C:/devkitPro/libctru/lib\libcitro2d.a(spritesheet.o)
                              main.o (C2D_SpriteSheetLoad)
C:/devkitPro/libctru/lib\libcitro2d.a(font.o)
                              C:/devkitPro/libctru/lib\libcitro2d.a(text.o) (C2D_FontGlyphIndexFromCodePoint)
C:/devkitPro/libctru/lib\libcitro2d.a(render2d.shbin.o)
                              C:/devkitPro/libctru/lib\libcitro2d.a(base.o) (render2d_shbin)
C:/devkitPro/libctru/lib\libcitro3d.a(base.o)
                              main.o (C3D_Init)
C:/devkitPro/libctru/lib\libcitro3d.a(renderqueue.o)
                              C:/devkitPro/libctru/lib\libcitro3d.a(base.o) (C3Di_RenderQueueEnableVBlank)
C:/devkitPro/libctru/lib\libcitro3d.a(texture.o)
                              C:/devkitPro/libctru/lib\libcitro2d.a(base.o) (C3D_TexBind)
C:/devkitPro/libctru/lib\libcitro3d.a(tex3ds.o)
                              C:/devkitPro/libctru/lib\libcitro2d.a(spritesheet.o) (Tex3DS_TextureImport)
C:/devkitPro/libctru/lib\libcitro3d.a(framebuffer.o)
                              C:/devkitPro/libctru/lib\libcitro3d.a(renderqueue.o) (C3D_CalcColorBufSize)
C:/devkitPro/libctru/lib\libcitro3d.a(texenv.o)
                              C:/devkitPro/libctru/lib\libcitro2d.a(base.o) (C3D_GetTexEnv)
C:/devkitPro/libctru/lib\libcitro3d.a(drawElements.o)
                              C:/devkitPro/libctru/lib\libcitro2d.a(base.o) (C3D_DrawElements)
C:/devkitPro/libctru/lib\libcitro3d.a(proctex.o)
                              C:/devkitPro/libctru/lib\libcitro2d.a(base.o) (C3D_ProcTexInit)
C:/devkitPro/libctru/lib\libcitro3d.a(buffers.o)
                              C:/devkitPro/libctru/lib\libcitro2d.a(base.o) (BufInfo_Init)
C:/devkitPro/libctru/lib\libcitro3d.a(effect.o)
                              C:/devkitPro/libctru/lib\libcitro3d.a(base.o) (C3D_DepthMap)
C:/devkitPro/libctru/lib\libcitro3d.a(attribs.o)
                              C:/devkitPro/libctru/lib\libcitro2d.a(base.o) (AttrInfo_Init)
C:/devkitPro/libctru/lib\libcitro3d.a(immediate.o)
                              C:/devkitPro/libctru/lib\libcitro3d.a(base.o) (C3D_ImmSendAttrib)
C:/devkitPro/libctru/lib\libcitro3d.a(uniforms.o)
                              C:/devkitPro/libctru/lib\libcitro3d.a(base.o) (C3D_UpdateUniforms)
C:/devkitPro/libctru/lib\libcitro3d.a(mtx_ortho.o)
                              C:/devkitPro/libctru/lib\libcitro2d.a(base.o) (Mtx_Ortho)
C:/devkitPro/libctru/lib\libcitro3d.a(mtx_scale.o)
                              C:/devkitPro/libctru/lib\libcitro2d.a(base.o) (Mtx_Scale)
C:/devkitPro/libctru/lib\libcitro3d.a(mtx_multiply.o)
                              C:/devkitPro/libctru/lib\libcitro2d.a(base.o) (Mtx_Multiply)
C:/devkitPro/libctru/lib\libcitro3d.a(mtx_orthotilt.o)
                              C:/devkitPro/libctru/lib\libcitro2d.a(base.o) (Mtx_OrthoTilt)
C:/devkitPro/libctru/lib\libcitro3d.a(mtx_translate.o)
                              C:/devkitPro/libctru/lib\libcitro2d.a(base.o) (Mtx_Translate)
C:/devkitPro/libctru/lib\libcitro3d.a(mtx_rotatez.o)
                              C:/devkitPro/libctru/lib\libcitro2d.a(base.o) (Mtx_RotateZ)
C:/devkitPro/libctru/lib\libctru.a(vram.o)
                              C:/devkitPro/libctru/lib\libcitro3d.a(renderqueue.o) (vramAlloc)
C:/devkitPro/libctru/lib\libctru.a(linear.o)
                              main.o (linearAlloc)
C:/devkitPro/libctru/lib\libctru.a(mem_pool.o)
                              C:/devkitPro/libctru/lib\libctru.a(vram.o) (MemPool::Allocate(MemChunk&, unsigned long, int))
C:/devkitPro/libctru/lib\libctru.a(romfs_dev.o)
                              main.o (romfsMountSelf)
C:/devkitPro/libctru/lib\libctru.a(os.o)
                              C:/devkitPro/libctru/lib\libcitro3d.a(texture.o) (osConvertVirtToPhys)
C:/devkitPro/libctru/lib\libctru.a(console.o)
                              main.o (consoleInit)
C:/devkitPro/libctru/lib\libctru.a(path_buf.o)
                              C:/devkitPro/libctru/lib\libctru.a(romfs_dev.o) (__ctru_dev_utf16_buf)
C:/devkitPro/libctru/lib\libctru.a(font.o)
                              C:/devkitPro/libctru/lib\libcitro2d.a(text.o) (fontEnsureMapped)
C:/devkitPro/libctru/lib\libctru.a(gfx.o)
                              C:/devkitPro/libctru/lib\libcitro2d.a(base.o) (gfxIsWide)
C:/devkitPro/libctru/lib\libctru.a(shaderProgram.o)
                              C:/devkitPro/libctru/lib\libcitro2d.a(base.o) (shaderInstanceGetUniformLocation)
C:/devkitPro/libctru/lib\libctru.a(shbin.o)
                              C:/devkitPro/libctru/lib\libcitro2d.a(base.o) (DVLB_ParseFile)
C:/devkitPro/libctru/lib\libctru.a(gx.o)
                              C:/devkitPro/libctru/lib\libcitro3d.a(renderqueue.o) (GX_BindQueue)
[...]
Memory Configuration

Name             Origin             Length             Attributes
*default*        0x0000000000000000 0xffffffffffffffff

Linker script and memory map

                0x0000000000100000                PROVIDE (__start__ = 0x100000)
                0x0000000000100000                . = __start__

.text           0x0000000000100000    0x2c4ac
 *(.crt0)
 .crt0          0x0000000000100000       0x94 c:/devkitpro/devkitarm/bin/../lib/gcc/arm-none-eabi/11.2.0/../../../../arm-none-eabi/lib/armv6k/fpu/3dsx_crt0.o
                0x0000000000100000                _start
                0x0000000000100008                __service_ptr
                0x000000000010000c                __apt_appid
                0x0000000000100010                __heap_size
                0x0000000000100014                __linear_heap_size
                0x0000000000100018                __system_arglist
                0x000000000010001c                __system_runflags
 *(.init)
 .init          0x0000000000100094        0xc c:/devkitpro/devkitarm/bin/../lib/gcc/arm-none-eabi/11.2.0/armv6k/fpu/crti.o
                0x0000000000100094                _init
 .init          0x00000000001000a0        0xc c:/devkitpro/devkitarm/bin/../lib/gcc/arm-none-eabi/11.2.0/armv6k/fpu/crtn.o
                0x00000000001000ac                . = ALIGN (0x4)
 *(.text)
 .text          0x00000000001000ac      0x20c c:/devkitpro/devkitarm/bin/../lib/gcc/arm-none-eabi/11.2.0/armv6k/fpu\libgcc.a(_udivsi3.o)
                0x00000000001000ac                __aeabi_uidiv
                0x00000000001000ac                __udivsi3
                0x0000000000100298                __aeabi_uidivmod
 .text          0x00000000001002b8      0x240 c:/devkitpro/devkitarm/bin/../lib/gcc/arm-none-eabi/11.2.0/armv6k/fpu\libgcc.a(_divsi3.o)
                0x00000000001002b8                __divsi3
                0x00000000001002b8                __aeabi_idiv
                0x00000000001004d8                __aeabi_idivmod
 .text          0x00000000001004f8        0x4 c:/devkitpro/devkitarm/bin/../lib/gcc/arm-none-eabi/11.2.0/armv6k/fpu\libgcc.a(_dvmd_tls.o)
                0x00000000001004f8                __aeabi_idiv0
                0x00000000001004f8                __aeabi_ldiv0
 .text          0x00000000001004fc      0x3c0 c:/devkitpro/devkitarm/bin/../lib/gcc/arm-none-eabi/11.2.0/armv6k/fpu\libgcc.a(_arm_addsubdf3.o)
                0x00000000001004fc                __aeabi_drsub
                0x0000000000100504                __aeabi_dsub
                0x0000000000100504                __subdf3
                0x0000000000100508                __aeabi_dadd
                0x0000000000100508                __adddf3
                0x00000000001007b4                __floatunsidf
                0x00000000001007b4                __aeabi_ui2d
                0x00000000001007d8                __floatsidf
                0x00000000001007d8                __aeabi_i2d
                0x0000000000100800                __aeabi_f2d
                0x0000000000100800                __extendsfdf2
                0x0000000000100848                __floatundidf
                0x0000000000100848                __aeabi_ul2d
                0x000000000010085c                __floatdidf
                0x000000000010085c                __aeabi_l2d
 .text          0x00000000001008bc      0x250 c:/devkitpro/devkitarm/bin/../lib/gcc/arm-none-eabi/11.2.0/armv6k/fpu\libgcc.a(_arm_addsubsf3.o)
                0x00000000001008bc                __aeabi_frsub
                0x00000000001008c4                __subsf3
                0x00000000001008c4                __aeabi_fsub
                0x00000000001008c8                __aeabi_fadd
                0x00000000001008c8                __addsf3
                0x0000000000100a58                __aeabi_ui2f
                0x0000000000100a58                __floatunsisf
                0x0000000000100a60                __aeabi_i2f
                0x0000000000100a60                __floatsisf
                0x0000000000100a80                __aeabi_ul2f
                0x0000000000100a80                __floatundisf
                0x0000000000100a90                __aeabi_l2f
                0x0000000000100a90                __floatdisf
 .text          0x0000000000100b0c       0xd4 c:/devkitpro/devkitarm/bin/../lib/gcc/arm-none-eabi/11.2.0/armv6k/fpu\libgcc.a(_aeabi_ldivmod.o)
                0x0000000000100b0c                __aeabi_ldivmod
 .text          0x0000000000100be0       0x3c c:/devkitpro/devkitarm/bin/../lib/gcc/arm-none-eabi/11.2.0/armv6k/fpu\libgcc.a(_aeabi_uldivmod.o)
                0x0000000000100be0                __aeabi_uldivmod
 *fill*         0x0000000000100c1c        0x4 
 .text          0x0000000000100c20      0x390 c:/devkitpro/devkitarm/bin/../lib/gcc/arm-none-eabi/11.2.0/../../../../arm-none-eabi/lib/armv6k/fpu\libg.a(lib_a-strcmp.o)
                0x0000000000100c28                strcmp
 *(.text.*)
 .text.__do_global_dtors_aux
                0x0000000000100fb0       0x40 c:/devkitpro/devkitarm/bin/../lib/gcc/arm-none-eabi/11.2.0/armv6k/fpu/crtbegin.o
 .text.frame_dummy
                0x0000000000100ff0       0x2c c:/devkitpro/devkitarm/bin/../lib/gcc/arm-none-eabi/11.2.0/armv6k/fpu/crtbegin.o
 .text._Z23controllerSprites_marioi
                0x000000000010101c       0xc4 main.o
                0x000000000010101c                controllerSprites_mario(int)
 .text._Z22controllerSprites_Toadv
                0x00000000001010e0       0xc4 main.o
                0x00000000001010e0                controllerSprites_Toad()
 .text._Z24controllerSprites_Goombav
                0x00000000001011a4       0xbc main.o
                0x00000000001011a4                controllerSprites_Goomba()
 .text._Z23controllerSprites_blocki
                0x0000000000101260       0xb4 main.o
                0x0000000000101260                controllerSprites_block(int)
 .text._Z19characterAnimationsv
                0x0000000000101314      0x130 main.o
                0x0000000000101314                characterAnimations()
 .text._Z12marioPhysicsv
                0x0000000000101444      0x110 main.o
                0x0000000000101444                marioPhysics()
 *fill*         0x0000000000101554        0x4 
 .text._Z9moveMariom
                0x0000000000101558      0x41c main.o
                0x0000000000101558                moveMario(unsigned long)
 .text._Z12setIdleMarioi
                0x0000000000101974       0x8c main.o
                0x0000000000101974                setIdleMario(int)
 .text._Z15prepare_spritesv
                0x0000000000101a00       0xec main.o
                0x0000000000101a00                prepare_sprites()
 .text._Z13prepare_marioii
                0x0000000000101aec      0x114 main.o
                0x0000000000101aec                prepare_mario(int, int)
 .text._Z13prepare_blockv
                0x0000000000101c00       0xcc main.o
                0x0000000000101c00                prepare_block()
 .text._Z14prepare_goombav
                0x0000000000101ccc       0xfc main.o
                0x0000000000101ccc                prepare_goomba()
 .text._Z12prepare_toadv
                0x0000000000101dc8      0x208 main.o
                0x0000000000101dc8                prepare_toad()
 .text._Z15draw_charactersv
                0x0000000000101fd0       0x98 main.o
                0x0000000000101fd0                draw_characters()
 .text._Z10scenesExitv
                0x0000000000102068       0x38 main.o
                0x0000000000102068                scenesExit()
 .text._Z8initGamev
                0x00000000001020a0       0xa8 main.o
                0x00000000001020a0                initGame()
 .text._Z14manageKeyPressm
                0x0000000000102148       0x9c main.o
                0x0000000000102148                manageKeyPress(unsigned long)
 .text._Z12prepareSoundPcP6CWAV_s
                0x00000000001021e4       0xc4 main.o
                0x00000000001021e4                prepareSound(char*, CWAV_s*)
 .text._Z13prepareSoundsv
                0x00000000001022a8       0x60 main.o
                0x00000000001022a8                prepareSounds()
 .text.startup.main
                0x0000000000102308      0x31c main.o
                0x0000000000102308                main
 .text.startup._GLOBAL__sub_I_rightWalk
                0x0000000000102624       0x5c main.o
 .text.C2Di_FrameEndHook
                0x0000000000102680       0x44 C:/devkitPro/libctru/lib\libcitro2d.a(base.o)
 *fill*         0x00000000001026c4        0x4 
 .text.C2D_Init
                0x00000000001026c8      0x36c C:/devkitPro/libctru/lib\libcitro2d.a(base.o)
                0x00000000001026c8                C2D_Init
 .text.C2D_Fini
                0x0000000000102a34       0x4c C:/devkitPro/libctru/lib\libcitro2d.a(base.o)
                0x0000000000102a34                C2D_Fini
 .text.C2D_Prepare
                0x0000000000102a80       0xb8 C:/devkitPro/libctru/lib\libcitro2d.a(base.o)
                0x0000000000102a80                C2D_Prepare
 .text.C2D_Flush
                0x0000000000102b38       0x48 C:/devkitPro/libctru/lib\libcitro2d.a(base.o)
                0x0000000000102b38                C2D_Flush
 .text.C2D_SceneSize
                0x0000000000102b80      0x104 C:/devkitPro/libctru/lib\libcitro2d.a(base.o)
                0x0000000000102b80                C2D_SceneSize
 .text.C2D_CreateScreenTarget
                0x0000000000102c84       0x58 C:/devkitPro/libctru/lib\libcitro2d.a(base.o)
                0x0000000000102c84                C2D_CreateScreenTarget
 .text.C2D_TargetClear
                0x0000000000102cdc       0x64 C:/devkitPro/libctru/lib\libcitro2d.a(base.o)
                0x0000000000102cdc                C2D_TargetClear
 .text.C2Di_CalcQuad
                0x0000000000102d40      0x13c C:/devkitPro/libctru/lib\libcitro2d.a(base.o)
                0x0000000000102d40                C2Di_CalcQuad
 .text.C2Di_AppendQuad
                0x0000000000102e7c       0x58 C:/devkitPro/libctru/lib\libcitro2d.a(base.o)
                0x0000000000102e7c                C2Di_AppendQuad
 .text.C2Di_Update
                0x0000000000102ed4      0x550 C:/devkitPro/libctru/lib\libcitro2d.a(base.o)
                0x0000000000102ed4                C2Di_Update
 .text.C2D_DrawImage
                0x0000000000103424      0x2b0 C:/devkitPro/libctru/lib\libcitro2d.a(base.o)
                0x0000000000103424                C2D_DrawImage
 .text.C2D_TextBufNew
                0x00000000001036d4      0x1dc C:/devkitPro/libctru/lib\libcitro2d.a(text.o)
                0x00000000001036d4                C2D_TextBufNew
 .text.C2D_TextBufDelete
                0x00000000001038b0        0x4 C:/devkitPro/libctru/lib\libcitro2d.a(text.o)
                0x00000000001038b0                C2D_TextBufDelete
 .text.C2D_SpriteSheetLoadFromHandle
                0x00000000001038b4       0x6c C:/devkitPro/libctru/lib\libcitro2d.a(spritesheet.o)
                0x00000000001038b4                C2D_SpriteSheetLoadFromHandle
 .text.C2D_SpriteSheetLoad
                0x0000000000103920       0x48 C:/devkitPro/libctru/lib\libcitro2d.a(spritesheet.o)
                0x0000000000103920                C2D_SpriteSheetLoad
 .text.C2D_SpriteSheetFree
                0x0000000000103968       0x28 C:/devkitPro/libctru/lib\libcitro2d.a(spritesheet.o)
                0x0000000000103968                C2D_SpriteSheetFree
 .text.C2D_SpriteSheetGetImage
                0x0000000000103990       0x2c C:/devkitPro/libctru/lib\libcitro2d.a(spritesheet.o)
                0x0000000000103990                C2D_SpriteSheetGetImage
 .text.C3Di_LightEnvUpdate
                0x00000000001039bc        0x4 C:/devkitPro/libctru/lib\libcitro3d.a(base.o)
                0x00000000001039bc                C3Di_LightEnvUpdate
 .text.C3Di_LightEnvDirty
                0x00000000001039c0        0x4 C:/devkitPro/libctru/lib\libcitro3d.a(base.o)
                0x00000000001039c0                C3Di_LightEnvDirty
 .text.C3Di_AptEventHook
                0x00000000001039c4       0xb4 C:/devkitPro/libctru/lib\libcitro3d.a(base.o)
 .text.C3Di_GasUpdate
                0x0000000000103a78        0x4 C:/devkitPro/libctru/lib\libcitro3d.a(base.o)
                0x0000000000103a78                C3Di_GasUpdate
 .text.C3D_Init
                0x0000000000103a7c      0x1e0 C:/devkitPro/libctru/lib\libcitro3d.a(base.o)
                0x0000000000103a7c                C3D_Init
 .text.C3D_SetViewport
                0x0000000000103c5c       0x98 C:/devkitPro/libctru/lib\libcitro3d.a(base.o)
                0x0000000000103c5c                C3D_SetViewport
 .text.C3Di_UpdateContext
                0x0000000000103cf4      0x4e8 C:/devkitPro/libctru/lib\libcitro3d.a(base.o)
                0x0000000000103cf4                C3Di_UpdateContext
 .text.C3Di_SplitFrame
                0x00000000001041dc       0xe0 C:/devkitPro/libctru/lib\libcitro3d.a(base.o)
                0x00000000001041dc                C3Di_SplitFrame
 .text.C3D_Fini
                0x00000000001042bc       0x44 C:/devkitPro/libctru/lib\libcitro3d.a(base.o)
                0x00000000001042bc                C3D_Fini
 .text.C3D_BindProgram
                0x0000000000104300      0x114 C:/devkitPro/libctru/lib\libcitro3d.a(base.o)
                0x0000000000104300                C3D_BindProgram
 .text.onVBlank0
                0x0000000000104414       0x4c C:/devkitPro/libctru/lib\libcitro3d.a(renderqueue.o)
 .text.onVBlank1
                0x0000000000104460       0x4c C:/devkitPro/libctru/lib\libcitro3d.a(renderqueue.o)
 .text.C3Di_RenderTargetDestroy
                0x00000000001044ac       0x80 C:/devkitPro/libctru/lib\libcitro3d.a(renderqueue.o)
 .text.onQueueFinish
                0x000000000010452c       0xf4 C:/devkitPro/libctru/lib\libcitro3d.a(renderqueue.o)
 .text.C3Di_RenderQueueEnableVBlank
                0x0000000000104620       0x38 C:/devkitPro/libctru/lib\libcitro3d.a(renderqueue.o)
                0x0000000000104620                C3Di_RenderQueueEnableVBlank
 .text.C3Di_RenderQueueDisableVBlank
                0x0000000000104658       0x30 C:/devkitPro/libctru/lib\libcitro3d.a(renderqueue.o)
                0x0000000000104658                C3Di_RenderQueueDisableVBlank
 .text.C3Di_RenderQueueInit
                0x0000000000104688       0x60 C:/devkitPro/libctru/lib\libcitro3d.a(renderqueue.o)
                0x0000000000104688                C3Di_RenderQueueInit
 .text.C3Di_RenderQueueExit
                0x00000000001046e8       0xb0 C:/devkitPro/libctru/lib\libcitro3d.a(renderqueue.o)
                0x00000000001046e8                C3Di_RenderQueueExit
 .text.C3Di_RenderQueueWaitDone
                0x0000000000104798       0x34 C:/devkitPro/libctru/lib\libcitro3d.a(renderqueue.o)
                0x0000000000104798                C3Di_RenderQueueWaitDone
 .text.C3D_FrameBegin
                0x00000000001047cc       0xe4 C:/devkitPro/libctru/lib\libcitro3d.a(renderqueue.o)
                0x00000000001047cc                C3D_FrameBegin
 .text.C3D_FrameDrawOn
                0x00000000001048b0       0x48 C:/devkitPro/libctru/lib\libcitro3d.a(renderqueue.o)
                0x00000000001048b0                C3D_FrameDrawOn
 .text.C3D_FrameSplit
                0x00000000001048f8       0x58 C:/devkitPro/libctru/lib\libcitro3d.a(renderqueue.o)
                0x00000000001048f8                C3D_FrameSplit
 .text.C3D_FrameEnd
                0x0000000000104950      0x1d8 C:/devkitPro/libctru/lib\libcitro3d.a(renderqueue.o)
                0x0000000000104950                C3D_FrameEnd
 .text.C3D_FrameEndHook
                0x0000000000104b28       0x1c C:/devkitPro/libctru/lib\libcitro3d.a(renderqueue.o)
                0x0000000000104b28                C3D_FrameEndHook
 .text.C3D_RenderTargetCreate
                0x0000000000104b44      0x184 C:/devkitPro/libctru/lib\libcitro3d.a(renderqueue.o)
                0x0000000000104b44                C3D_RenderTargetCreate
 .text.C3D_RenderTargetSetOutput
                0x0000000000104cc8       0xa8 C:/devkitPro/libctru/lib\libcitro3d.a(renderqueue.o)
                0x0000000000104cc8                C3D_RenderTargetSetOutput
 .text.C3D_SyncTextureCopy
                0x0000000000104d70       0xfc C:/devkitPro/libctru/lib\libcitro3d.a(renderqueue.o)
                0x0000000000104d70                C3D_SyncTextureCopy
 .text.C3D_TexInitWithParams
                0x0000000000104e6c      0x294 C:/devkitPro/libctru/lib\libcitro3d.a(texture.o)
                0x0000000000104e6c                C3D_TexInitWithParams
 .text.C3D_TexLoadImage
                0x0000000000105100       0xc8 C:/devkitPro/libctru/lib\libcitro3d.a(texture.o)
                0x0000000000105100                C3D_TexLoadImage
 .text.C3D_TexBind
                0x00000000001051c8       0x44 C:/devkitPro/libctru/lib\libcitro3d.a(texture.o)
                0x00000000001051c8                C3D_TexBind
 .text.C3D_TexDelete
                0x000000000010520c       0x74 C:/devkitPro/libctru/lib\libcitro3d.a(texture.o)
                0x000000000010520c                C3D_TexDelete
 .text.C3Di_SetTex
                0x0000000000105280      0x16c C:/devkitPro/libctru/lib\libcitro3d.a(texture.o)
                0x0000000000105280                C3Di_SetTex
 .text.Tex3DSi_ImportCommon
                0x00000000001053ec      0x3f4 C:/devkitPro/libctru/lib\libcitro3d.a(tex3ds.o)
 .text.Tex3DS_TextureImportStdio
                0x00000000001057e0       0x38 C:/devkitPro/libctru/lib\libcitro3d.a(tex3ds.o)
                0x00000000001057e0                Tex3DS_TextureImportStdio
 .text.Tex3DS_GetSubTexture
                0x0000000000105818       0x1c C:/devkitPro/libctru/lib\libcitro3d.a(tex3ds.o)
                0x0000000000105818                Tex3DS_GetSubTexture
 .text.Tex3DS_TextureFree
                0x0000000000105834        0x4 C:/devkitPro/libctru/lib\libcitro3d.a(tex3ds.o)
                0x0000000000105834                Tex3DS_TextureFree
 .text.C3D_CalcColorBufSize
                0x0000000000105838       0x1c C:/devkitPro/libctru/lib\libcitro3d.a(framebuffer.o)
                0x0000000000105838                C3D_CalcColorBufSize
 .text.C3D_CalcDepthBufSize
                0x0000000000105854       0x1c C:/devkitPro/libctru/lib\libcitro3d.a(framebuffer.o)
                0x0000000000105854                C3D_CalcDepthBufSize
 .text.C3D_SetFrameBuf
                0x0000000000105870       0x44 C:/devkitPro/libctru/lib\libcitro3d.a(framebuffer.o)
                0x0000000000105870                C3D_SetFrameBuf
 .text.C3Di_FrameBufBind
                0x00000000001058b4      0x16c C:/devkitPro/libctru/lib\libcitro3d.a(framebuffer.o)
                0x00000000001058b4                C3Di_FrameBufBind
 .text.C3D_FrameBufClear
                0x0000000000105a20       0xc8 C:/devkitPro/libctru/lib\libcitro3d.a(framebuffer.o)
                0x0000000000105a20                C3D_FrameBufClear
 .text.C3D_FrameBufTransfer
                0x0000000000105ae8       0x44 C:/devkitPro/libctru/lib\libcitro3d.a(framebuffer.o)
                0x0000000000105ae8                C3D_FrameBufTransfer
 .text.C3D_GetTexEnv
                0x0000000000105b2c       0x34 C:/devkitPro/libctru/lib\libcitro3d.a(texenv.o)
                0x0000000000105b2c                C3D_GetTexEnv
 .text.C3Di_TexEnvBind
                0x0000000000105b60       0x24 C:/devkitPro/libctru/lib\libcitro3d.a(texenv.o)
                0x0000000000105b60                C3Di_TexEnvBind
 .text.C3D_DrawElements
                0x0000000000105b84      0x218 C:/devkitPro/libctru/lib\libcitro3d.a(drawElements.o)
                0x0000000000105b84                C3D_DrawElements
 .text.C3D_ProcTexInit
                0x0000000000105d9c       0x70 C:/devkitPro/libctru/lib\libcitro3d.a(proctex.o)
                0x0000000000105d9c                C3D_ProcTexInit
 .text.C3D_ProcTexBind
                0x0000000000105e0c       0x54 C:/devkitPro/libctru/lib\libcitro3d.a(proctex.o)
                0x0000000000105e0c                C3D_ProcTexBind
 .text.C3D_ProcTexLutBind
                0x0000000000105e60       0x5c C:/devkitPro/libctru/lib\libcitro3d.a(proctex.o)
                0x0000000000105e60                C3D_ProcTexLutBind
 .text.ProcTexLut_FromArray
                0x0000000000105ebc       0xa4 C:/devkitPro/libctru/lib\libcitro3d.a(proctex.o)
                0x0000000000105ebc                ProcTexLut_FromArray
 .text.C3Di_ProcTexUpdate
                0x0000000000105f60      0x17c C:/devkitPro/libctru/lib\libcitro3d.a(proctex.o)
                0x0000000000105f60                C3Di_ProcTexUpdate
 .text.C3Di_ProcTexDirty
                0x00000000001060dc       0x68 C:/devkitPro/libctru/lib\libcitro3d.a(proctex.o)
                0x00000000001060dc                C3Di_ProcTexDirty
 .text.BufInfo_Init
                0x0000000000106144       0x24 C:/devkitPro/libctru/lib\libcitro3d.a(buffers.o)
                0x0000000000106144                BufInfo_Init
 .text.BufInfo_Add
                0x0000000000106168       0x80 C:/devkitPro/libctru/lib\libcitro3d.a(buffers.o)
                0x0000000000106168                BufInfo_Add
 .text.C3D_SetBufInfo
                0x00000000001061e8       0x40 C:/devkitPro/libctru/lib\libcitro3d.a(buffers.o)
                0x00000000001061e8                C3D_SetBufInfo
 .text.C3Di_BufInfoBind
                0x0000000000106228       0x48 C:/devkitPro/libctru/lib\libcitro3d.a(buffers.o)
                0x0000000000106228                C3Di_BufInfoBind
 .text.C3D_DepthMap
                0x0000000000106270       0x40 C:/devkitPro/libctru/lib\libcitro3d.a(effect.o)
                0x0000000000106270                C3D_DepthMap
 .text.C3D_CullFace
                0x00000000001062b0       0x1c C:/devkitPro/libctru/lib\libcitro3d.a(effect.o)
                0x00000000001062b0                C3D_CullFace
 .text.C3D_StencilTest
                0x00000000001062cc       0x40 C:/devkitPro/libctru/lib\libcitro3d.a(effect.o)
                0x00000000001062cc                C3D_StencilTest
 .text.C3D_StencilOp
                0x000000000010630c       0x24 C:/devkitPro/libctru/lib\libcitro3d.a(effect.o)
                0x000000000010630c                C3D_StencilOp
 .text.C3D_BlendingColor
                0x0000000000106330       0x1c C:/devkitPro/libctru/lib\libcitro3d.a(effect.o)
                0x0000000000106330                C3D_BlendingColor
 .text.C3D_EarlyDepthTest
                0x000000000010634c       0x24 C:/devkitPro/libctru/lib\libcitro3d.a(effect.o)
                0x000000000010634c                C3D_EarlyDepthTest
 .text.C3D_DepthTest
                0x0000000000106370       0x2c C:/devkitPro/libctru/lib\libcitro3d.a(effect.o)
                0x0000000000106370                C3D_DepthTest
 .text.C3D_AlphaTest
                0x000000000010639c       0x2c C:/devkitPro/libctru/lib\libcitro3d.a(effect.o)
                0x000000000010639c                C3D_AlphaTest
 .text.C3D_AlphaBlend
                0x00000000001063c8       0x50 C:/devkitPro/libctru/lib\libcitro3d.a(effect.o)
                0x00000000001063c8                C3D_AlphaBlend
 .text.C3D_FragOpMode
                0x0000000000106418       0x30 C:/devkitPro/libctru/lib\libcitro3d.a(effect.o)
                0x0000000000106418                C3D_FragOpMode
 .text.C3D_FragOpShadow
                0x0000000000106448       0x44 C:/devkitPro/libctru/lib\libcitro3d.a(effect.o)
                0x0000000000106448                C3D_FragOpShadow
 .text.C3Di_EffectBind
                0x000000000010648c      0x1ac C:/devkitPro/libctru/lib\libcitro3d.a(effect.o)
                0x000000000010648c                C3Di_EffectBind
 .text.AttrInfo_Init
                0x0000000000106638       0x28 C:/devkitPro/libctru/lib\libcitro3d.a(attribs.o)
                0x0000000000106638                AttrInfo_Init
 .text.AttrInfo_AddLoader
                0x0000000000106660       0x94 C:/devkitPro/libctru/lib\libcitro3d.a(attribs.o)
                0x0000000000106660                AttrInfo_AddLoader
 .text.C3D_SetAttrInfo
                0x00000000001066f4       0x54 C:/devkitPro/libctru/lib\libcitro3d.a(attribs.o)
                0x00000000001066f4                C3D_SetAttrInfo
 .text.C3Di_AttrInfoBind
                0x0000000000106748       0x80 C:/devkitPro/libctru/lib\libcitro3d.a(attribs.o)
                0x0000000000106748                C3Di_AttrInfoBind
 .text.C3D_ImmSendAttrib
                0x00000000001067c8       0xa8 C:/devkitPro/libctru/lib\libcitro3d.a(immediate.o)
                0x00000000001067c8                C3D_ImmSendAttrib
 .text.C3D_UpdateUniforms
                0x0000000000106870      0x280 C:/devkitPro/libctru/lib\libcitro3d.a(uniforms.o)
                0x0000000000106870                C3D_UpdateUniforms
 .text.C3Di_DirtyUniforms
                0x0000000000106af0       0xc0 C:/devkitPro/libctru/lib\libcitro3d.a(uniforms.o)
                0x0000000000106af0                C3Di_DirtyUniforms
 .text.C3Di_LoadShaderUniforms
                0x0000000000106bb0       0xd8 C:/devkitPro/libctru/lib\libcitro3d.a(uniforms.o)
                0x0000000000106bb0                C3Di_LoadShaderUniforms
 .text.C3Di_ClearShaderUniforms
                0x0000000000106c88       0x28 C:/devkitPro/libctru/lib\libcitro3d.a(uniforms.o)
                0x0000000000106c88                C3Di_ClearShaderUniforms
 .text.Mtx_Ortho
                0x0000000000106cb0       0xcc C:/devkitPro/libctru/lib\libcitro3d.a(mtx_ortho.o)
                0x0000000000106cb0                Mtx_Ortho
 .text.Mtx_OrthoTilt
                0x0000000000106d7c       0xcc C:/devkitPro/libctru/lib\libcitro3d.a(mtx_orthotilt.o)
                0x0000000000106d7c                Mtx_OrthoTilt
 .text._ZL21addrMapNodeComparatorPK11rbtree_nodeS1_
                0x0000000000106e48       0x24 C:/devkitPro/libctru/lib\libctru.a(vram.o)
 .text._ZL21addrMapNodeDestructorP11rbtree_node
                0x0000000000106e6c        0x4 C:/devkitPro/libctru/lib\libctru.a(vram.o)
 .text.vramMemAlignAt
                0x0000000000106e70      0x258 C:/devkitPro/libctru/lib\libctru.a(vram.o)
                0x0000000000106e70                vramMemAlignAt
 .text.vramAlloc
                0x00000000001070c8        0xc C:/devkitPro/libctru/lib\libctru.a(vram.o)
                0x00000000001070c8                vramAlloc
 .text.vramAllocAt
                0x00000000001070d4        0xc C:/devkitPro/libctru/lib\libctru.a(vram.o)
                0x00000000001070d4                vramAllocAt
 .text.vramFree
                0x00000000001070e0       0x90 C:/devkitPro/libctru/lib\libctru.a(vram.o)
                0x00000000001070e0                vramFree
 .text._ZL21addrMapNodeComparatorPK11rbtree_nodeS1_
                0x0000000000107170       0x24 C:/devkitPro/libctru/lib\libctru.a(linear.o)
 .text._ZL21addrMapNodeDestructorP11rbtree_node
                0x0000000000107194        0x4 C:/devkitPro/libctru/lib\libctru.a(linear.o)
 .text.linearMemAlign
                0x0000000000107198      0x130 C:/devkitPro/libctru/lib\libctru.a(linear.o)
                0x0000000000107198                linearMemAlign
 .text.linearAlloc
                0x00000000001072c8        0x8 C:/devkitPro/libctru/lib\libctru.a(linear.o)
                0x00000000001072c8                linearAlloc
 .text.linearFree
                0x00000000001072d0       0x5c C:/devkitPro/libctru/lib\libctru.a(linear.o)
                0x00000000001072d0                linearFree
 .text._ZN7MemPool13CoalesceRightEP8MemBlock
                0x000000000010732c       0x80 C:/devkitPro/libctru/lib\libctru.a(mem_pool.o)
                0x000000000010732c                MemPool::CoalesceRight(MemBlock*)
 .text._ZN7MemPool8AllocateER8MemChunkmi
                0x00000000001073ac      0x174 C:/devkitPro/libctru/lib\libctru.a(mem_pool.o)
                0x00000000001073ac                MemPool::Allocate(MemChunk&, unsigned long, int)
 .text._ZN7MemPool10DeallocateERK8MemChunk
                0x0000000000107520       0xfc C:/devkitPro/libctru/lib\libctru.a(mem_pool.o)
                0x0000000000107520                MemPool::Deallocate(MemChunk const&)
 .text._ZN7MemPool12GetFreeSpaceEv
                0x000000000010761c       0x30 C:/devkitPro/libctru/lib\libctru.a(mem_pool.o)
                0x000000000010761c                MemPool::GetFreeSpace()
 .text.romfs_close
                0x000000000010764c        0x8 C:/devkitPro/libctru/lib\libctru.a(romfs_dev.o)
 .text.romfs_seek
                0x0000000000107654       0xc4 C:/devkitPro/libctru/lib\libctru.a(romfs_dev.o)
 .text.romfs_dirreset
                0x0000000000107718       0x24 C:/devkitPro/libctru/lib\libctru.a(romfs_dev.o)
 .text.fill_dir
                0x000000000010773c       0xc8 C:/devkitPro/libctru/lib\libctru.a(romfs_dev.o)
 .text.romfs_dirnext
                0x0000000000107804      0x2b0 C:/devkitPro/libctru/lib\libctru.a(romfs_dev.o)
 .text.romfs_free
                0x0000000000107ab4       0x84 C:/devkitPro/libctru/lib\libctru.a(romfs_dev.o)
 .text.searchForFile.constprop.0
                0x0000000000107b38       0xd4 C:/devkitPro/libctru/lib\libctru.a(romfs_dev.o)
 .text.searchForDir.constprop.0
                0x0000000000107c0c       0xd8 C:/devkitPro/libctru/lib\libctru.a(romfs_dev.o)
 .text.navigateToDir.constprop.0
                0x0000000000107ce4      0x1c0 C:/devkitPro/libctru/lib\libctru.a(romfs_dev.o)
 .text.romfs_open
                0x0000000000107ea4      0x128 C:/devkitPro/libctru/lib\libctru.a(romfs_dev.o)
 .text.romfs_chdir
                0x0000000000107fcc       0x4c C:/devkitPro/libctru/lib\libctru.a(romfs_dev.o)
 .text.romfs_diropen
                0x0000000000108018       0x70 C:/devkitPro/libctru/lib\libctru.a(romfs_dev.o)
 .text.romfs_stat
                0x0000000000108088      0x17c C:/devkitPro/libctru/lib\libctru.a(romfs_dev.o)
 .text.romfs_dirclose
                0x0000000000108204        0x8 C:/devkitPro/libctru/lib\libctru.a(romfs_dev.o)
 .text.romfs_fstat
                0x000000000010820c       0x7c C:/devkitPro/libctru/lib\libctru.a(romfs_dev.o)
 .text.romfs_read
                0x0000000000108288       0xd0 C:/devkitPro/libctru/lib\libctru.a(romfs_dev.o)
 .text.romfsMountFromFile
                0x0000000000108358      0x290 C:/devkitPro/libctru/lib\libctru.a(romfs_dev.o)
                0x0000000000108358                romfsMountFromFile
 .text.romfsMountFromCurrentProcess
                0x00000000001085e8       0x98 C:/devkitPro/libctru/lib\libctru.a(romfs_dev.o)
                0x00000000001085e8                romfsMountFromCurrentProcess
 .text.romfsMountSelf
                0x0000000000108680      0x260 C:/devkitPro/libctru/lib\libctru.a(romfs_dev.o)
                0x0000000000108680                romfsMountSelf
 .text.osConvertVirtToPhys
                0x00000000001088e0       0x74 C:/devkitPro/libctru/lib\libctru.a(os.o)
                0x00000000001088e0                osConvertVirtToPhys
 .text.osGetTimeRef
                0x0000000000108954       0x54 C:/devkitPro/libctru/lib\libctru.a(os.o)
                0x0000000000108954                osGetTimeRef
 .text.osGetTime
                0x00000000001089a8       0xec C:/devkitPro/libctru/lib\libctru.a(os.o)
                0x00000000001089a8                osGetTime
 .text.__ctru_speedup_config
                0x0000000000108a94       0x34 C:/devkitPro/libctru/lib\libctru.a(os.o)
                0x0000000000108a94                __ctru_speedup_config
 .text.parseColor
                0x0000000000108ac8      0x204 C:/devkitPro/libctru/lib\libctru.a(console.o)
 .text.consoleDrawChar
                0x0000000000108ccc      0x1ac C:/devkitPro/libctru/lib\libctru.a(console.o)
                0x0000000000108ccc                consoleDrawChar
 .text.consolePrintChar
                0x0000000000108e78      0x124 C:/devkitPro/libctru/lib\libctru.a(console.o)
                0x0000000000108e78                consolePrintChar
 .text.con_write
                0x0000000000108f9c      0xb00 C:/devkitPro/libctru/lib\libctru.a(console.o)
                0x0000000000108f9c                con_write
 .text.newRow   0x0000000000109a9c       0xf4 C:/devkitPro/libctru/lib\libctru.a(console.o)
 .text.consoleInit
                0x0000000000109b90      0x168 C:/devkitPro/libctru/lib\libctru.a(console.o)
                0x0000000000109b90                consoleInit
 .text.fontEnsureMapped
                0x0000000000109cf8       0x9c C:/devkitPro/libctru/lib\libctru.a(font.o)
                0x0000000000109cf8                fontEnsureMapped
 .text.gfxPresentFramebuffer
                0x0000000000109d94       0xd0 C:/devkitPro/libctru/lib\libctru.a(gfx.o)
 .text.gfxIsWide
                0x0000000000109e64       0x1c C:/devkitPro/libctru/lib\libctru.a(gfx.o)
                0x0000000000109e64                gfxIsWide
 .text.gfxSetScreenFormat
                0x0000000000109e80       0xec C:/devkitPro/libctru/lib\libctru.a(gfx.o)
                0x0000000000109e80                gfxSetScreenFormat
 .text.gfxSetDoubleBuffering
                0x0000000000109f6c       0x10 C:/devkitPro/libctru/lib\libctru.a(gfx.o)
                0x0000000000109f6c                gfxSetDoubleBuffering
 .text.gfxInit  0x0000000000109f7c       0xe8 C:/devkitPro/libctru/lib\libctru.a(gfx.o)
                0x0000000000109f7c                gfxInit
 .text.gfxInitDefault
                0x000000000010a064       0x10 C:/devkitPro/libctru/lib\libctru.a(gfx.o)
                0x000000000010a064                gfxInitDefault
 .text.gfxExit  0x000000000010a074       0xb4 C:/devkitPro/libctru/lib\libctru.a(gfx.o)
                0x000000000010a074                gfxExit
 .text.gfxGetFramebuffer
                0x000000000010a128       0xa0 C:/devkitPro/libctru/lib\libctru.a(gfx.o)
                0x000000000010a128                gfxGetFramebuffer
 .text.gfxFlushBuffers
                0x000000000010a1c8      0x10c C:/devkitPro/libctru/lib\libctru.a(gfx.o)
                0x000000000010a1c8                gfxFlushBuffers
 .text.gfxScreenSwapBuffers
                0x000000000010a2d4       0x30 C:/devkitPro/libctru/lib\libctru.a(gfx.o)
                0x000000000010a2d4                gfxScreenSwapBuffers
 .text.gfxSwapBuffersGpu
                0x000000000010a304       0x50 C:/devkitPro/libctru/lib\libctru.a(gfx.o)
                0x000000000010a304                gfxSwapBuffersGpu
 .text.shaderInstanceInit
                0x000000000010a354      0x1dc C:/devkitPro/libctru/lib\libctru.a(shaderProgram.o)
                0x000000000010a354                shaderInstanceInit
 .text.shaderInstanceGetUniformLocation
                0x000000000010a530       0x18 C:/devkitPro/libctru/lib\libctru.a(shaderProgram.o)
                0x000000000010a530                shaderInstanceGetUniformLocation
 .text.shaderProgramInit
                0x000000000010a548       0x1c C:/devkitPro/libctru/lib\libctru.a(shaderProgram.o)
                0x000000000010a548                shaderProgramInit
 .text.shaderProgramFree
                0x000000000010a564       0x64 C:/devkitPro/libctru/lib\libctru.a(shaderProgram.o)
                0x000000000010a564                shaderProgramFree
 .text.shaderProgramSetVsh
                0x000000000010a5c8       0x80 C:/devkitPro/libctru/lib\libctru.a(shaderProgram.o)
                0x000000000010a5c8                shaderProgramSetVsh
 .text.shaderProgramConfigure
                0x000000000010a648      0x8c8 C:/devkitPro/libctru/lib\libctru.a(shaderProgram.o)
                0x000000000010a648                shaderProgramConfigure
 .text.DVLE_GenerateOutmap.part.0
                0x000000000010af10      0x1f8 C:/devkitPro/libctru/lib\libctru.a(shbin.o)
 .text.DVLB_ParseFile
                0x000000000010b108      0x1cc C:/devkitPro/libctru/lib\libctru.a(shbin.o)
                0x000000000010b108                DVLB_ParseFile
 .text.DVLB_Free
                0x000000000010b2d4       0x38 C:/devkitPro/libctru/lib\libctru.a(shbin.o)
                0x000000000010b2d4                DVLB_Free
 .text.DVLE_GetUniformRegister
                0x000000000010b30c       0x74 C:/devkitPro/libctru/lib\libctru.a(shbin.o)
                0x000000000010b30c                DVLE_GetUniformRegister
 .text.GX_BindQueue
                0x000000000010b380       0x10 C:/devkitPro/libctru/lib\libctru.a(gx.o)
                0x000000000010b380                GX_BindQueue
 .text.GX_ProcessCommandList
                0x000000000010b390       0x78 C:/devkitPro/libctru/lib\libctru.a(gx.o)
                0x000000000010b390                GX_ProcessCommandList
 .text.GX_MemoryFill
                0x000000000010b408       0x74 C:/devkitPro/libctru/lib\libctru.a(gx.o)
                0x000000000010b408                GX_MemoryFill
 .text.GX_DisplayTransfer
                0x000000000010b47c       0x70 C:/devkitPro/libctru/lib\libctru.a(gx.o)
                0x000000000010b47c                GX_DisplayTransfer
 .text.GX_TextureCopy
                0x000000000010b4ec       0x74 C:/devkitPro/libctru/lib\libctru.a(gx.o)
                0x000000000010b4ec                GX_TextureCopy
 .text.gxCmdQueueDoCommands.part.0
                0x000000000010b560       0x68 C:/devkitPro/libctru/lib\libctru.a(gxqueue.o)
 .text.gxCmdQueueInterrupt
                0x000000000010b5c8       0xc8 C:/devkitPro/libctru/lib\libctru.a(gxqueue.o)
                0x000000000010b5c8                gxCmdQueueInterrupt
 .text.gxCmdQueueClear
                0x000000000010b690       0x4c C:/devkitPro/libctru/lib\libctru.a(gxqueue.o)
                0x000000000010b690                gxCmdQueueClear
 .text.gxCmdQueueAdd
                0x000000000010b6dc       0xf8 C:/devkitPro/libctru/lib\libctru.a(gxqueue.o)
                0x000000000010b6dc                gxCmdQueueAdd
 .text.gxCmdQueueRun
                0x000000000010b7d4       0x80 C:/devkitPro/libctru/lib\libctru.a(gxqueue.o)
                0x000000000010b7d4                gxCmdQueueRun
 .text.gxCmdQueueStop
                0x000000000010b854       0x60 C:/devkitPro/libctru/lib\libctru.a(gxqueue.o)
                0x000000000010b854                gxCmdQueueStop
 .text.gxCmdQueueWait
                0x000000000010b8b4       0x74 C:/devkitPro/libctru/lib\libctru.a(gxqueue.o)
                0x000000000010b8b4                gxCmdQueueWait
 .text.GPUCMD_Add
                0x000000000010b928      0x13c C:/devkitPro/libctru/lib\libctru.a(gpu.o)
                0x000000000010b928                GPUCMD_Add
 .text.GPUCMD_Split
                0x000000000010ba64       0xb0 C:/devkitPro/libctru/lib\libctru.a(gpu.o)
                0x000000000010ba64                GPUCMD_Split
 .text.f32tof16
                0x000000000010bb14       0x40 C:/devkitPro/libctru/lib\libctru.a(gpu.o)
                0x000000000010bb14                f32tof16
 .text.f32tof24
                0x000000000010bb54       0x40 C:/devkitPro/libctru/lib\libctru.a(gpu.o)
                0x000000000010bb54                f32tof24
 .text.f32tof31
                0x000000000010bb94       0x44 C:/devkitPro/libctru/lib\libctru.a(gpu.o)
                0x000000000010bb94                f32tof31
 .text.ndspUpdateMaster
                0x000000000010bbd8      0x158 C:/devkitPro/libctru/lib\libctru.a(ndsp.o)
 .text.ndspFinalize
                0x000000000010bd30      0x110 C:/devkitPro/libctru/lib\libctru.a(ndsp.o)
 .text.ndspInitialize.part.0
                0x000000000010be40      0x24c C:/devkitPro/libctru/lib\libctru.a(ndsp.o)
 .text.ndspHookCallback
                0x000000000010c08c       0xfc C:/devkitPro/libctru/lib\libctru.a(ndsp.o)
 .text.ndspThreadMain
                0x000000000010c188      0x318 C:/devkitPro/libctru/lib\libctru.a(ndsp.o)
 .text.ndspInit
                0x000000000010c4a0      0x3dc C:/devkitPro/libctru/lib\libctru.a(ndsp.o)
                0x000000000010c4a0                ndspInit
 .text.ndspChnReset
                0x000000000010c87c       0xc8 C:/devkitPro/libctru/lib\libctru.a(ndsp-channel.o)
                0x000000000010c87c                ndspChnReset
 .text.ndspChnSetFormat
                0x000000000010c944       0x18 C:/devkitPro/libctru/lib\libctru.a(ndsp-channel.o)
                0x000000000010c944                ndspChnSetFormat
 .text.ndspChnSetRate
                0x000000000010c95c       0x64 C:/devkitPro/libctru/lib\libctru.a(ndsp-channel.o)
                0x000000000010c95c                ndspChnSetRate
 .text.ndspChnSetMix
                0x000000000010c9c0       0x88 C:/devkitPro/libctru/lib\libctru.a(ndsp-channel.o)
                0x000000000010c9c0                ndspChnSetMix
 .text.ndspChnSetAdpcmCoefs
                0x000000000010ca48       0x70 C:/devkitPro/libctru/lib\libctru.a(ndsp-channel.o)
                0x000000000010ca48                ndspChnSetAdpcmCoefs
 .text.ndspChnWaveBufAdd
                0x000000000010cab8       0xb8 C:/devkitPro/libctru/lib\libctru.a(ndsp-channel.o)
                0x000000000010cab8                ndspChnWaveBufAdd
 .text.ndspiInitChn
                0x000000000010cb70       0x40 C:/devkitPro/libctru/lib\libctru.a(ndsp-channel.o)
                0x000000000010cb70                ndspiInitChn
 .text.ndspiDirtyChn
                0x000000000010cbb0       0x2c C:/devkitPro/libctru/lib\libctru.a(ndsp-channel.o)
                0x000000000010cbb0                ndspiDirtyChn
 .text.ndspiUpdateChn
                0x000000000010cbdc      0x478 C:/devkitPro/libctru/lib\libctru.a(ndsp-channel.o)
                0x000000000010cbdc                ndspiUpdateChn
 .text.ndspiReadChnState
                0x000000000010d054      0x184 C:/devkitPro/libctru/lib\libctru.a(ndsp-channel.o)
                0x000000000010d054                ndspiReadChnState
 .text.cfguInit
                0x000000000010d1d8       0xa4 C:/devkitPro/libctru/lib\libctru.a(cfgu.o)
                0x000000000010d1d8                cfguInit
 .text.cfguExit
                0x000000000010d27c       0x3c C:/devkitPro/libctru/lib\libctru.a(cfgu.o)
                0x000000000010d27c                cfguExit
 .text.CFGU_GetConfigInfoBlk2
                0x000000000010d2b8       0x4c C:/devkitPro/libctru/lib\libctru.a(cfgu.o)
                0x000000000010d2b8                CFGU_GetConfigInfoBlk2
 .text.DSP_LoadComponent.part.0
                0x000000000010d304       0xa4 C:/devkitPro/libctru/lib\libctru.a(dsp.o)
 .text.dspInit  0x000000000010d3a8       0xdc C:/devkitPro/libctru/lib\libctru.a(dsp.o)
                0x000000000010d3a8                dspInit
 .text.dspExit  0x000000000010d484       0x80 C:/devkitPro/libctru/lib\libctru.a(dsp.o)
                0x000000000010d484                dspExit
 .text.dspHook  0x000000000010d504       0x24 C:/devkitPro/libctru/lib\libctru.a(dsp.o)
                0x000000000010d504                dspHook
 .text.aptDspSleep
                0x000000000010d528       0xac C:/devkitPro/libctru/lib\libctru.a(dsp.o)
                0x000000000010d528                aptDspSleep
 .text.aptDspWakeup
                0x000000000010d5d4       0xb4 C:/devkitPro/libctru/lib\libctru.a(dsp.o)
                0x000000000010d5d4                aptDspWakeup
 .text.aptDspCancel
                0x000000000010d688       0x44 C:/devkitPro/libctru/lib\libctru.a(dsp.o)
                0x000000000010d688                aptDspCancel
 .text.DSP_SetSemaphore
                0x000000000010d6cc       0x34 C:/devkitPro/libctru/lib\libctru.a(dsp.o)
                0x000000000010d6cc                DSP_SetSemaphore
 .text.DSP_SetSemaphoreMask
                0x000000000010d700       0x34 C:/devkitPro/libctru/lib\libctru.a(dsp.o)
                0x000000000010d700                DSP_SetSemaphoreMask
 .text.DSP_GetSemaphoreHandle
                0x000000000010d734       0x38 C:/devkitPro/libctru/lib\libctru.a(dsp.o)
                0x000000000010d734                DSP_GetSemaphoreHandle
 .text.DSP_LoadComponent
                0x000000000010d76c       0x3c C:/devkitPro/libctru/lib\libctru.a(dsp.o)
                0x000000000010d76c                DSP_LoadComponent
 .text.DSP_RegisterInterruptEvents
                0x000000000010d7a8       0x44 C:/devkitPro/libctru/lib\libctru.a(dsp.o)
                0x000000000010d7a8                DSP_RegisterInterruptEvents
 .text.DSP_ReadPipeIfPossible
                0x000000000010d7ec       0x74 C:/devkitPro/libctru/lib\libctru.a(dsp.o)
                0x000000000010d7ec                DSP_ReadPipeIfPossible
 .text.DSP_WriteProcessPipe
                0x000000000010d860       0x4c C:/devkitPro/libctru/lib\libctru.a(dsp.o)
                0x000000000010d860                DSP_WriteProcessPipe
 .text.DSP_ConvertProcessAddressFromDspDram
                0x000000000010d8ac       0x40 C:/devkitPro/libctru/lib\libctru.a(dsp.o)
                0x000000000010d8ac                DSP_ConvertProcessAddressFromDspDram
 .text.DSP_RecvData
                0x000000000010d8ec       0x40 C:/devkitPro/libctru/lib\libctru.a(dsp.o)
                0x000000000010d8ec                DSP_RecvData
 .text.DSP_RecvDataIsReady
                0x000000000010d92c       0x4c C:/devkitPro/libctru/lib\libctru.a(dsp.o)
                0x000000000010d92c                DSP_RecvDataIsReady
 .text.gspHardwareInit
                0x000000000010d978      0xc58 C:/devkitPro/libctru/lib\libctru.a(gspgpu.o)
 .text.gspInit  0x000000000010e5d0      0x24c C:/devkitPro/libctru/lib\libctru.a(gspgpu.o)
                0x000000000010e5d0                gspInit
 .text.gspExit  0x000000000010e81c       0xf0 C:/devkitPro/libctru/lib\libctru.a(gspgpu.o)
                0x000000000010e81c                gspExit
 .text.gspHasGpuRight
                0x000000000010e90c       0x10 C:/devkitPro/libctru/lib\libctru.a(gspgpu.o)
                0x000000000010e90c                gspHasGpuRight
 .text.gspPresentBuffer
                0x000000000010e91c       0xa0 C:/devkitPro/libctru/lib\libctru.a(gspgpu.o)
                0x000000000010e91c                gspPresentBuffer
 .text.gspSetEventCallback
                0x000000000010e9bc       0x30 C:/devkitPro/libctru/lib\libctru.a(gspgpu.o)
                0x000000000010e9bc                gspSetEventCallback
 .text.gspWaitForEvent
                0x000000000010e9ec       0x50 C:/devkitPro/libctru/lib\libctru.a(gspgpu.o)
                0x000000000010e9ec                gspWaitForEvent
 .text.gspWaitForAnyEvent
                0x000000000010ea3c       0x4c C:/devkitPro/libctru/lib\libctru.a(gspgpu.o)
                0x000000000010ea3c                gspWaitForAnyEvent
 .text.gspEventThreadMain
                0x000000000010ea88      0x160 C:/devkitPro/libctru/lib\libctru.a(gspgpu.o)
 .text.gspSubmitGxCommand
                0x000000000010ebe8      0x130 C:/devkitPro/libctru/lib\libctru.a(gspgpu.o)
                0x000000000010ebe8                gspSubmitGxCommand
 .text.GSPGPU_FlushDataCache
                0x000000000010ed18       0x50 C:/devkitPro/libctru/lib\libctru.a(gspgpu.o)
                0x000000000010ed18                GSPGPU_FlushDataCache
 .text.GSPGPU_SetLcdForceBlack
                0x000000000010ed68       0x34 C:/devkitPro/libctru/lib\libctru.a(gspgpu.o)
                0x000000000010ed68                GSPGPU_SetLcdForceBlack
 .text.GSPGPU_AcquireRight
                0x000000000010ed9c       0x68 C:/devkitPro/libctru/lib\libctru.a(gspgpu.o)
                0x000000000010ed9c                GSPGPU_AcquireRight
 .text.GSPGPU_ReleaseRight
                0x000000000010ee04       0x48 C:/devkitPro/libctru/lib\libctru.a(gspgpu.o)
                0x000000000010ee04                GSPGPU_ReleaseRight
 .text.GSPGPU_ImportDisplayCaptureInfo
                0x000000000010ee4c       0x7c C:/devkitPro/libctru/lib\libctru.a(gspgpu.o)
                0x000000000010ee4c                GSPGPU_ImportDisplayCaptureInfo
 .text.GSPGPU_SaveVramSysArea
                0x000000000010eec8       0x2c C:/devkitPro/libctru/lib\libctru.a(gspgpu.o)
                0x000000000010eec8                GSPGPU_SaveVramSysArea
 .text.GSPGPU_RestoreVramSysArea
                0x000000000010eef4       0x2c C:/devkitPro/libctru/lib\libctru.a(gspgpu.o)
                0x000000000010eef4                GSPGPU_RestoreVramSysArea
 .text.aptConvertScreenForCapture
                0x000000000010ef20      0x1b0 C:/devkitPro/libctru/lib\libctru.a(apt.o)
 .text.aptSendCommand
                0x000000000010f0d0      0x15c C:/devkitPro/libctru/lib\libctru.a(apt.o)
                0x000000000010f0d0                aptSendCommand
 .text.aptExitProcess
                0x000000000010f22c       0x38 C:/devkitPro/libctru/lib\libctru.a(apt.o)
 .text.aptExit  0x000000000010f264      0x2f0 C:/devkitPro/libctru/lib\libctru.a(apt.o)
                0x000000000010f264                aptExit
 .text.aptHandleSleep
                0x000000000010f554       0xd8 C:/devkitPro/libctru/lib\libctru.a(apt.o)
                0x000000000010f554                aptHandleSleep
 .text.aptHook  0x000000000010f62c       0x30 C:/devkitPro/libctru/lib\libctru.a(apt.o)
                0x000000000010f62c                aptHook
 .text.aptUnhook
                0x000000000010f65c       0x30 C:/devkitPro/libctru/lib\libctru.a(apt.o)
                0x000000000010f65c                aptUnhook
 .text.APT_SleepIfShellClosed
                0x000000000010f68c       0x84 C:/devkitPro/libctru/lib\libctru.a(apt.o)
                0x000000000010f68c                APT_SleepIfShellClosed
 .text.aptSetSleepAllowed
                0x000000000010f710       0x84 C:/devkitPro/libctru/lib\libctru.a(apt.o)
                0x000000000010f710                aptSetSleepAllowed
 .text.APT_UnlockTransition
                0x000000000010f794       0x84 C:/devkitPro/libctru/lib\libctru.a(apt.o)
                0x000000000010f794                APT_UnlockTransition
 .text.aptEventHandler
                0x000000000010f818      0x484 C:/devkitPro/libctru/lib\libctru.a(apt.o)
 .text.APT_ReceiveParameter
                0x000000000010fc9c       0xb0 C:/devkitPro/libctru/lib\libctru.a(apt.o)
                0x000000000010fc9c                APT_ReceiveParameter
 .text.aptReceiveParameter.constprop.0
                0x000000000010fd4c       0xb0 C:/devkitPro/libctru/lib\libctru.a(apt.o)
 *fill*         0x000000000010fdfc        0x4 
 .text.aptScreenTransfer
                0x000000000010fe00      0x2bc C:/devkitPro/libctru/lib\libctru.a(apt.o)
 .text.aptWaitForWakeUp.isra.0
                0x00000000001100bc      0x374 C:/devkitPro/libctru/lib\libctru.a(apt.o)
 .text.aptJumpToHomeMenu
                0x0000000000110430       0xf8 C:/devkitPro/libctru/lib\libctru.a(apt.o)
                0x0000000000110430                aptJumpToHomeMenu
 .text.aptMainLoop
                0x0000000000110528       0x4c C:/devkitPro/libctru/lib\libctru.a(apt.o)
                0x0000000000110528                aptMainLoop
 .text.aptInit  0x0000000000110574      0x234 C:/devkitPro/libctru/lib\libctru.a(apt.o)
                0x0000000000110574                aptInit
 .text.APT_CheckNew3DS
                0x00000000001107a8       0x7c C:/devkitPro/libctru/lib\libctru.a(apt.o)
                0x00000000001107a8                APT_CheckNew3DS
 .text.APT_GetSharedFont
                0x0000000000110824       0x48 C:/devkitPro/libctru/lib\libctru.a(apt.o)
                0x0000000000110824                APT_GetSharedFont
 .text.hidShouldUseIrrst
                0x000000000011086c       0x24 C:/devkitPro/libctru/lib\libctru.a(hid.o)
                0x000000000011086c                hidShouldUseIrrst
 .text.hidInit  0x0000000000110890      0x18c C:/devkitPro/libctru/lib\libctru.a(hid.o)
                0x0000000000110890                hidInit
 .text.hidExit  0x0000000000110a1c       0xe8 C:/devkitPro/libctru/lib\libctru.a(hid.o)
                0x0000000000110a1c                hidExit
 .text.hidScanInput
                0x0000000000110b04      0x2a4 C:/devkitPro/libctru/lib\libctru.a(hid.o)
                0x0000000000110b04                hidScanInput
 .text.hidKeysHeld
                0x0000000000110da8       0x10 C:/devkitPro/libctru/lib\libctru.a(hid.o)
                0x0000000000110da8                hidKeysHeld
 .text.hidKeysDown
                0x0000000000110db8       0x10 C:/devkitPro/libctru/lib\libctru.a(hid.o)
                0x0000000000110db8                hidKeysDown
 .text.hidKeysUp
                0x0000000000110dc8       0x10 C:/devkitPro/libctru/lib\libctru.a(hid.o)
                0x0000000000110dc8                hidKeysUp
 .text.ptmSysmInit
                0x0000000000110dd8       0x74 C:/devkitPro/libctru/lib\libctru.a(ptmsysm.o)
                0x0000000000110dd8                ptmSysmInit
 .text.ptmSysmExit
                0x0000000000110e4c       0x3c C:/devkitPro/libctru/lib\libctru.a(ptmsysm.o)
                0x0000000000110e4c                ptmSysmExit
 .text.PTMSYSM_ConfigureNew3DSCPU
                0x0000000000110e88       0x34 C:/devkitPro/libctru/lib\libctru.a(ptmsysm.o)
                0x0000000000110e88                PTMSYSM_ConfigureNew3DSCPU
 .text.fsInit   0x0000000000110ebc       0xc8 C:/devkitPro/libctru/lib\libctru.a(fs.o)
                0x0000000000110ebc                fsInit
 .text.fsExit   0x0000000000110f84       0x3c C:/devkitPro/libctru/lib\libctru.a(fs.o)
                0x0000000000110f84                fsExit
 .text.fsExemptFromSession
                0x0000000000110fc0       0x60 C:/devkitPro/libctru/lib\libctru.a(fs.o)
                0x0000000000110fc0                fsExemptFromSession
 .text.fsUnexemptFromSession
                0x0000000000111020       0x50 C:/devkitPro/libctru/lib\libctru.a(fs.o)
                0x0000000000111020                fsUnexemptFromSession
 .text.FSUSER_OpenFile
                0x0000000000111070       0xcc C:/devkitPro/libctru/lib\libctru.a(fs.o)
                0x0000000000111070                FSUSER_OpenFile
 .text.FSUSER_OpenFileDirectly
                0x000000000011113c       0xd4 C:/devkitPro/libctru/lib\libctru.a(fs.o)
                0x000000000011113c                FSUSER_OpenFileDirectly
 .text.FSUSER_DeleteFile
                0x0000000000111210       0xbc C:/devkitPro/libctru/lib\libctru.a(fs.o)
                0x0000000000111210                FSUSER_DeleteFile
 .text.FSUSER_RenameFile
                0x00000000001112cc       0xf8 C:/devkitPro/libctru/lib\libctru.a(fs.o)
                0x00000000001112cc                FSUSER_RenameFile
 .text.FSUSER_DeleteDirectory
                0x00000000001113c4       0xbc C:/devkitPro/libctru/lib\libctru.a(fs.o)
                0x00000000001113c4                FSUSER_DeleteDirectory
 .text.FSUSER_CreateFile
                0x0000000000111480       0xd4 C:/devkitPro/libctru/lib\libctru.a(fs.o)
                0x0000000000111480                FSUSER_CreateFile
 .text.FSUSER_CreateDirectory
                0x0000000000111554       0xc4 C:/devkitPro/libctru/lib\libctru.a(fs.o)
                0x0000000000111554                FSUSER_CreateDirectory
 .text.FSUSER_RenameDirectory
                0x0000000000111618       0xf8 C:/devkitPro/libctru/lib\libctru.a(fs.o)
                0x0000000000111618                FSUSER_RenameDirectory
 .text.FSUSER_OpenDirectory
                0x0000000000111710       0xb4 C:/devkitPro/libctru/lib\libctru.a(fs.o)
                0x0000000000111710                FSUSER_OpenDirectory
 .text.FSUSER_OpenArchive
                0x00000000001117c4       0x94 C:/devkitPro/libctru/lib\libctru.a(fs.o)
                0x00000000001117c4                FSUSER_OpenArchive
 .text.FSUSER_CloseArchive
                0x0000000000111858       0x8c C:/devkitPro/libctru/lib\libctru.a(fs.o)
                0x0000000000111858                FSUSER_CloseArchive
 .text.FSUSER_GetSdmcArchiveResource
                0x00000000001118e4       0x74 C:/devkitPro/libctru/lib\libctru.a(fs.o)
                0x00000000001118e4                FSUSER_GetSdmcArchiveResource
 .text.FSUSER_IsSdmcWritable
                0x0000000000111958       0x64 C:/devkitPro/libctru/lib\libctru.a(fs.o)
                0x0000000000111958                FSUSER_IsSdmcWritable
 .text.FSFILE_Read
                0x00000000001119bc       0x58 C:/devkitPro/libctru/lib\libctru.a(fs.o)
                0x00000000001119bc                FSFILE_Read
 .text.FSFILE_Write
                0x0000000000111a14       0x60 C:/devkitPro/libctru/lib\libctru.a(fs.o)
                0x0000000000111a14                FSFILE_Write
 .text.FSFILE_GetSize
                0x0000000000111a74       0x38 C:/devkitPro/libctru/lib\libctru.a(fs.o)
                0x0000000000111a74                FSFILE_GetSize
 .text.FSFILE_SetSize
                0x0000000000111aac       0x28 C:/devkitPro/libctru/lib\libctru.a(fs.o)
                0x0000000000111aac                FSFILE_SetSize
 .text.FSFILE_Close
                0x0000000000111ad4       0x3c C:/devkitPro/libctru/lib\libctru.a(fs.o)
                0x0000000000111ad4                FSFILE_Close
 .text.FSFILE_Flush
                0x0000000000111b10       0x24 C:/devkitPro/libctru/lib\libctru.a(fs.o)
                0x0000000000111b10                FSFILE_Flush
 .text.FSDIR_Read
                0x0000000000111b34       0x50 C:/devkitPro/libctru/lib\libctru.a(fs.o)
                0x0000000000111b34                FSDIR_Read
 .text.FSDIR_Close
                0x0000000000111b84       0x3c C:/devkitPro/libctru/lib\libctru.a(fs.o)
                0x0000000000111b84                FSDIR_Close
 .text.buffer_read
                0x0000000000111bc0       0xcc C:/devkitPro/libctru/lib\libctru.a(decompress.o)
 .text.iov_read
                0x0000000000111c8c       0xd0 C:/devkitPro/libctru/lib\libctru.a(decompress.o)
 .text.iov_memmove
                0x0000000000111d5c      0x128 C:/devkitPro/libctru/lib\libctru.a(decompress.o)
 .text.decompress_rle
                0x0000000000111e84      0x1d8 C:/devkitPro/libctru/lib\libctru.a(decompress.o)
 .text.decompress_lzss
                0x000000000011205c      0x24c C:/devkitPro/libctru/lib\libctru.a(decompress.o)
 .text.decompress_huff.part.0
                0x00000000001122a8      0x2ec C:/devkitPro/libctru/lib\libctru.a(decompress.o)
 .text.decompress_lz11
                0x0000000000112594      0x458 C:/devkitPro/libctru/lib\libctru.a(decompress.o)
 .text.decompressCallback_Stdio
                0x00000000001129ec       0x10 C:/devkitPro/libctru/lib\libctru.a(decompress.o)
                0x00000000001129ec                decompressCallback_Stdio
 .text.decompressHeader
                0x00000000001129fc       0xd8 C:/devkitPro/libctru/lib\libctru.a(decompress.o)
                0x00000000001129fc                decompressHeader
 .text.decompressV
                0x0000000000112ad4      0x23c C:/devkitPro/libctru/lib\libctru.a(decompress.o)
                0x0000000000112ad4                decompressV
 .text.rbtree_init
                0x0000000000112d10       0x10 C:/devkitPro/libctru/lib\libctru.a(rbtree_init.o)
                0x0000000000112d10                rbtree_init
 .text.do_insert
                0x0000000000112d20      0x1a8 C:/devkitPro/libctru/lib\libctru.a(rbtree_insert.o)
 .text.rbtree_insert
                0x0000000000112ec8        0x8 C:/devkitPro/libctru/lib\libctru.a(rbtree_insert.o)
                0x0000000000112ec8                rbtree_insert
 .text.rbtree_rotate
                0x0000000000112ed0       0x90 C:/devkitPro/libctru/lib\libctru.a(rbtree_rotate.o)
                0x0000000000112ed0                rbtree_rotate
 .text.rbtree_remove
                0x0000000000112f60      0x338 C:/devkitPro/libctru/lib\libctru.a(rbtree_remove.o)
                0x0000000000112f60                rbtree_remove
 .text.rbtree_find
                0x0000000000113298       0x74 C:/devkitPro/libctru/lib\libctru.a(rbtree_find.o)
                0x0000000000113298                rbtree_find
 .text.utf16_to_utf8
                0x000000000011330c       0xe8 C:/devkitPro/libctru/lib\libctru.a(utf16_to_utf8.o)
                0x000000000011330c                utf16_to_utf8
 .text.decode_utf16
                0x00000000001133f4       0x64 C:/devkitPro/libctru/lib\libctru.a(decode_utf16.o)
                0x00000000001133f4                decode_utf16
 .text.decode_utf8
                0x0000000000113458      0x13c C:/devkitPro/libctru/lib\libctru.a(decode_utf8.o)
                0x0000000000113458                decode_utf8
 .text.utf8_to_utf16
                0x0000000000113594       0xc0 C:/devkitPro/libctru/lib\libctru.a(utf8_to_utf16.o)
                0x0000000000113594                utf8_to_utf16
 *fill*         0x0000000000113654        0x4 
 .text.__system_allocateHeaps
                0x0000000000113658      0x1e0 C:/devkitPro/libctru/lib\libctru.a(allocateHeaps.o)
                0x0000000000113658                __system_allocateHeaps
 .text.__libctru_init
                0x0000000000113838       0x38 C:/devkitPro/libctru/lib\libctru.a(ctru_init.o)
                0x0000000000113838                __libctru_init
 .text.__system_initArgv
                0x0000000000113870      0x168 C:/devkitPro/libctru/lib\libctru.a(initArgv.o)
                0x0000000000113870                __system_initArgv
 .text.svcControlMemory
                0x00000000001139d8       0x20 C:/devkitPro/libctru/lib\libctru.a(svc.o)
                0x00000000001139d8                svcControlMemory
 .text.svcQueryMemory
                0x00000000001139f8       0x30 C:/devkitPro/libctru/lib\libctru.a(svc.o)
                0x00000000001139f8                svcQueryMemory
 .text.svcExitProcess
                0x0000000000113a28        0x8 C:/devkitPro/libctru/lib\libctru.a(svc.o)
                0x0000000000113a28                svcExitProcess
 .text.svcCreateThread
                0x0000000000113a30       0x20 C:/devkitPro/libctru/lib\libctru.a(svc.o)
                0x0000000000113a30                svcCreateThread
 .text.svcExitThread
                0x0000000000113a50        0x8 C:/devkitPro/libctru/lib\libctru.a(svc.o)
                0x0000000000113a50                svcExitThread
 .text.svcSleepThread
                0x0000000000113a58        0x8 C:/devkitPro/libctru/lib\libctru.a(svc.o)
                0x0000000000113a58                svcSleepThread
 .text.svcReleaseMutex
                0x0000000000113a60        0x8 C:/devkitPro/libctru/lib\libctru.a(svc.o)
                0x0000000000113a60                svcReleaseMutex
 .text.svcCreateEvent
                0x0000000000113a68       0x14 C:/devkitPro/libctru/lib\libctru.a(svc.o)
                0x0000000000113a68                svcCreateEvent
 .text.svcSignalEvent
                0x0000000000113a7c        0x8 C:/devkitPro/libctru/lib\libctru.a(svc.o)
                0x0000000000113a7c                svcSignalEvent
 .text.svcClearEvent
                0x0000000000113a84        0x8 C:/devkitPro/libctru/lib\libctru.a(svc.o)
                0x0000000000113a84                svcClearEvent
 .text.svcMapMemoryBlock
                0x0000000000113a8c        0x8 C:/devkitPro/libctru/lib\libctru.a(svc.o)
                0x0000000000113a8c                svcMapMemoryBlock
 .text.svcUnmapMemoryBlock
                0x0000000000113a94        0x8 C:/devkitPro/libctru/lib\libctru.a(svc.o)
                0x0000000000113a94                svcUnmapMemoryBlock
 .text.svcCreateAddressArbiter
                0x0000000000113a9c       0x14 C:/devkitPro/libctru/lib\libctru.a(svc.o)
                0x0000000000113a9c                svcCreateAddressArbiter
 .text.svcArbitrateAddressNoTimeout
                0x0000000000113ab0        0x8 C:/devkitPro/libctru/lib\libctru.a(svc.o)
                0x0000000000113ab0                svcArbitrateAddressNoTimeout
 .text.svcCloseHandle
                0x0000000000113ab8        0x8 C:/devkitPro/libctru/lib\libctru.a(svc.o)
                0x0000000000113ab8                svcCloseHandle
 .text.svcWaitSynchronization
                0x0000000000113ac0        0x8 C:/devkitPro/libctru/lib\libctru.a(svc.o)
                0x0000000000113ac0                svcWaitSynchronization
 .text.svcWaitSynchronizationN
                0x0000000000113ac8       0x28 C:/devkitPro/libctru/lib\libctru.a(svc.o)
                0x0000000000113ac8                svcWaitSynchronizationN
 .text.svcDuplicateHandle
                0x0000000000113af0       0x14 C:/devkitPro/libctru/lib\libctru.a(svc.o)
                0x0000000000113af0                svcDuplicateHandle
 .text.svcGetSystemTick
                0x0000000000113b04        0x8 C:/devkitPro/libctru/lib\libctru.a(svc.o)
                0x0000000000113b04                svcGetSystemTick
 .text.svcConnectToPort
                0x0000000000113b0c       0x14 C:/devkitPro/libctru/lib\libctru.a(svc.o)
                0x0000000000113b0c                svcConnectToPort
 .text.svcSendSyncRequest
                0x0000000000113b20        0x8 C:/devkitPro/libctru/lib\libctru.a(svc.o)
                0x0000000000113b20                svcSendSyncRequest
 .text.svcGetResourceLimit
                0x0000000000113b28       0x14 C:/devkitPro/libctru/lib\libctru.a(svc.o)
                0x0000000000113b28                svcGetResourceLimit
 .text.svcGetResourceLimitLimitValues
                0x0000000000113b3c        0x8 C:/devkitPro/libctru/lib\libctru.a(svc.o)
                0x0000000000113b3c                svcGetResourceLimitLimitValues
 .text.svcGetResourceLimitCurrentValues
                0x0000000000113b44        0x8 C:/devkitPro/libctru/lib\libctru.a(svc.o)
                0x0000000000113b44                svcGetResourceLimitCurrentValues
 .text.svcBreak
                0x0000000000113b4c        0x8 C:/devkitPro/libctru/lib\libctru.a(svc.o)
                0x0000000000113b4c                svcBreak
 .text.initSystem
                0x0000000000113b54       0x50 C:/devkitPro/libctru/lib\libctru.a(stack_adjust.o)
                0x0000000000113b54                initSystem
 .text.__ctru_exit
                0x0000000000113ba4       0x18 C:/devkitPro/libctru/lib\libctru.a(stack_adjust.o)
                0x0000000000113ba4                __ctru_exit
 .text.__aeabi_read_tp
                0x0000000000113bbc        0xc C:/devkitPro/libctru/lib\libctru.a(readtp.o)
                0x0000000000113bbc                __aeabi_read_tp
 .text.__sync_init
                0x0000000000113bc8        0xc C:/devkitPro/libctru/lib\libctru.a(synchronization.o)
                0x0000000000113bc8                __sync_init
 .text.__sync_fini
                0x0000000000113bd4       0x18 C:/devkitPro/libctru/lib\libctru.a(synchronization.o)
                0x0000000000113bd4                __sync_fini
 .text.syncArbitrateAddress
                0x0000000000113bec       0x2c C:/devkitPro/libctru/lib\libctru.a(synchronization.o)
                0x0000000000113bec                syncArbitrateAddress
 .text.LightLock_Init
                0x0000000000113c18       0x1c C:/devkitPro/libctru/lib\libctru.a(synchronization.o)
                0x0000000000113c18                LightLock_Init
 .text.LightLock_Lock
                0x0000000000113c34       0x94 C:/devkitPro/libctru/lib\libctru.a(synchronization.o)
                0x0000000000113c34                LightLock_Lock
 .text.LightLock_Unlock
                0x0000000000113cc8       0x40 C:/devkitPro/libctru/lib\libctru.a(synchronization.o)
                0x0000000000113cc8                LightLock_Unlock
 .text.RecursiveLock_Init
                0x0000000000113d08       0x24 C:/devkitPro/libctru/lib\libctru.a(synchronization.o)
                0x0000000000113d08                RecursiveLock_Init
 .text.RecursiveLock_Lock
                0x0000000000113d2c       0x30 C:/devkitPro/libctru/lib\libctru.a(synchronization.o)
                0x0000000000113d2c                RecursiveLock_Lock
 .text.RecursiveLock_Unlock
                0x0000000000113d5c       0x54 C:/devkitPro/libctru/lib\libctru.a(synchronization.o)
                0x0000000000113d5c                RecursiveLock_Unlock
 .text.LightEvent_Init
                0x0000000000113db0       0x40 C:/devkitPro/libctru/lib\libctru.a(synchronization.o)
                0x0000000000113db0                LightEvent_Init
 .text.LightEvent_Clear
                0x0000000000113df0       0xa4 C:/devkitPro/libctru/lib\libctru.a(synchronization.o)
                0x0000000000113df0                LightEvent_Clear
 .text.LightEvent_Signal
                0x0000000000113e94       0xc8 C:/devkitPro/libctru/lib\libctru.a(synchronization.o)
                0x0000000000113e94                LightEvent_Signal
 .text.LightEvent_TryWait
                0x0000000000113f5c       0x58 C:/devkitPro/libctru/lib\libctru.a(synchronization.o)
                0x0000000000113f5c                LightEvent_TryWait
 .text.LightEvent_Wait
                0x0000000000113fb4       0xb0 C:/devkitPro/libctru/lib\libctru.a(synchronization.o)
                0x0000000000113fb4                LightEvent_Wait
 .text.envGetHandle
                0x0000000000114064       0x84 C:/devkitPro/libctru/lib\libctru.a(env.o)
                0x0000000000114064                envGetHandle
 .text.envDestroyHandles
                0x00000000001140e8       0x50 C:/devkitPro/libctru/lib\libctru.a(env.o)
                0x00000000001140e8                envDestroyHandles
 .text.srvInit  0x0000000000114138      0x124 C:/devkitPro/libctru/lib\libctru.a(srv.o)
                0x0000000000114138                srvInit
 .text.srvExit  0x000000000011425c       0x58 C:/devkitPro/libctru/lib\libctru.a(srv.o)
                0x000000000011425c                srvExit
 .text.srvGetServiceHandleDirect
                0x00000000001142b4       0x80 C:/devkitPro/libctru/lib\libctru.a(srv.o)
                0x00000000001142b4                srvGetServiceHandleDirect
 .text.srvGetServiceHandle
                0x0000000000114334       0x48 C:/devkitPro/libctru/lib\libctru.a(srv.o)
                0x0000000000114334                srvGetServiceHandle
 .text.srvPublishToSubscriber
                0x000000000011437c       0x38 C:/devkitPro/libctru/lib\libctru.a(srv.o)
                0x000000000011437c                srvPublishToSubscriber
 .text.threadCreate
                0x00000000001143b4      0x188 C:/devkitPro/libctru/lib\libctru.a(thread.o)
                0x00000000001143b4                threadCreate
 .text.threadFree
                0x000000000011453c       0x2c C:/devkitPro/libctru/lib\libctru.a(thread.o)
                0x000000000011453c                threadFree
 .text.threadJoin
                0x0000000000114568       0x24 C:/devkitPro/libctru/lib\libctru.a(thread.o)
                0x0000000000114568                threadJoin
 .text.threadGetCurrent
                0x000000000011458c       0x30 C:/devkitPro/libctru/lib\libctru.a(thread.o)
                0x000000000011458c                threadGetCurrent
 .text.threadExit
                0x00000000001145bc       0x40 C:/devkitPro/libctru/lib\libctru.a(thread.o)
                0x00000000001145bc                threadExit
 .text._thread_begin
                0x00000000001145fc       0x44 C:/devkitPro/libctru/lib\libctru.a(thread.o)
 .text.mappableFindAddressWithin
                0x0000000000114640       0x94 C:/devkitPro/libctru/lib\libctru.a(mappable.o)
 .text.mappableInit
                0x00000000001146d4       0x28 C:/devkitPro/libctru/lib\libctru.a(mappable.o)
                0x00000000001146d4                mappableInit
 .text.mappableAlloc
                0x00000000001146fc       0x80 C:/devkitPro/libctru/lib\libctru.a(mappable.o)
                0x00000000001146fc                mappableAlloc
 .text.mappableFree
                0x000000000011477c        0x4 C:/devkitPro/libctru/lib\libctru.a(mappable.o)
                0x000000000011477c                mappableFree
 .text.irrstInit
                0x0000000000114780      0x160 C:/devkitPro/libctru/lib\libctru.a(irrst.o)
                0x0000000000114780                irrstInit
 .text.irrstExit
                0x00000000001148e0       0xcc C:/devkitPro/libctru/lib\libctru.a(irrst.o)
                0x00000000001148e0                irrstExit
 .text.irrstScanInput
                0x00000000001149ac       0xb4 C:/devkitPro/libctru/lib\libctru.a(irrst.o)
                0x00000000001149ac                irrstScanInput
 .text.irrstKeysHeld
                0x0000000000114a60       0x24 C:/devkitPro/libctru/lib\libctru.a(irrst.o)
                0x0000000000114a60                irrstKeysHeld
 .text.srvPmGetSessionHandle
                0x0000000000114a84        0xc C:/devkitPro/libctru/lib\libctru.a(srvpm.o)
                0x0000000000114a84                srvPmGetSessionHandle
 .text.rbtree_node_next
                0x0000000000114a90       0x58 C:/devkitPro/libctru/lib\libctru.a(rbtree_iterator.o)
                0x0000000000114a90                rbtree_node_next
 .text.encode_utf16
                0x0000000000114ae8       0x60 C:/devkitPro/libctru/lib\libctru.a(encode_utf16.o)
                0x0000000000114ae8                encode_utf16
 .text.encode_utf8
                0x0000000000114b48       0xfc C:/devkitPro/libctru/lib\libctru.a(encode_utf8.o)
                0x0000000000114b48                encode_utf8
 .text.__appInit
                0x0000000000114c44       0x30 C:/devkitPro/libctru/lib\libctru.a(appInit.o)
                0x0000000000114c44                __appInit
 .text.__syscall_getreent
                0x0000000000114c74       0x30 C:/devkitPro/libctru/lib\libctru.a(syscalls.o)
                0x0000000000114c74                __syscall_getreent
 .text.__syscall_gettod_r
                0x0000000000114ca4       0x74 C:/devkitPro/libctru/lib\libctru.a(syscalls.o)
                0x0000000000114ca4                __syscall_gettod_r
 .text.__syscall_lock_acquire
                0x0000000000114d18        0x4 C:/devkitPro/libctru/lib\libctru.a(syscalls.o)
                0x0000000000114d18                __syscall_lock_acquire
 .text.__syscall_lock_release
                0x0000000000114d1c        0x4 C:/devkitPro/libctru/lib\libctru.a(syscalls.o)
                0x0000000000114d1c                __syscall_lock_release
 .text.__syscall_lock_init_recursive
                0x0000000000114d20        0x4 C:/devkitPro/libctru/lib\libctru.a(syscalls.o)
                0x0000000000114d20                __syscall_lock_init_recursive
 .text.__syscall_lock_acquire_recursive
                0x0000000000114d24        0x4 C:/devkitPro/libctru/lib\libctru.a(syscalls.o)
                0x0000000000114d24                __syscall_lock_acquire_recursive
 .text.__syscall_lock_release_recursive
                0x0000000000114d28        0x4 C:/devkitPro/libctru/lib\libctru.a(syscalls.o)
                0x0000000000114d28                __syscall_lock_release_recursive
 .text.__syscall_exit
                0x0000000000114d2c        0x4 C:/devkitPro/libctru/lib\libctru.a(syscalls.o)
                0x0000000000114d2c                __syscall_exit
 .text.__system_initSyscalls
                0x0000000000114d30       0x60 C:/devkitPro/libctru/lib\libctru.a(syscalls.o)
                0x0000000000114d30                __system_initSyscalls
 .text.__appExit
                0x0000000000114d90       0x30 C:/devkitPro/libctru/lib\libctru.a(appExit.o)
                0x0000000000114d90                __appExit
 .text.__libctru_exit
                0x0000000000114dc0       0x90 C:/devkitPro/libctru/lib\libctru.a(ctru_exit.o)
                0x0000000000114dc0                __libctru_exit
 .text.archive_link
                0x0000000000114e50       0x14 C:/devkitPro/libctru/lib\libctru.a(archive_dev.o)
 .text.archive_dirreset
                0x0000000000114e64       0x14 C:/devkitPro/libctru/lib\libctru.a(archive_dev.o)
 .text.archive_chmod
                0x0000000000114e78       0x14 C:/devkitPro/libctru/lib\libctru.a(archive_dev.o)
 .text.error_cmp
                0x0000000000114e8c       0x24 C:/devkitPro/libctru/lib\libctru.a(archive_dev.o)
 .text.archive_translate_error
                0x0000000000114eb0       0x50 C:/devkitPro/libctru/lib\libctru.a(archive_dev.o)
 .text.archive_seek
                0x0000000000114f00       0xd4 C:/devkitPro/libctru/lib\libctru.a(archive_dev.o)
 .text._archiveInit.part.0
                0x0000000000114fd4       0x7c C:/devkitPro/libctru/lib\libctru.a(archive_dev.o)
 .text.archiveFindDevice.part.0
                0x0000000000115050       0x8c C:/devkitPro/libctru/lib\libctru.a(archive_dev.o)
 .text.archive_utf16path
                0x00000000001150dc      0x260 C:/devkitPro/libctru/lib\libctru.a(archive_dev.o)
 .text._archiveUnmountDeviceStruct.part.0
                0x000000000011533c       0xa0 C:/devkitPro/libctru/lib\libctru.a(archive_dev.o)
 .text.archive_fchmod
                0x00000000001153dc       0x14 C:/devkitPro/libctru/lib\libctru.a(archive_dev.o)
 .text.archive_statvfs
                0x00000000001153f0       0x14 C:/devkitPro/libctru/lib\libctru.a(archive_dev.o)
 .text._archiveMountDevice
                0x0000000000115404      0x158 C:/devkitPro/libctru/lib\libctru.a(archive_dev.o)
 .text.archive_diropen
                0x000000000011555c       0xe8 C:/devkitPro/libctru/lib\libctru.a(archive_dev.o)
 .text.archive_fstat
                0x0000000000115644       0xa4 C:/devkitPro/libctru/lib\libctru.a(archive_dev.o)
 .text.archive_close
                0x00000000001156e8       0x6c C:/devkitPro/libctru/lib\libctru.a(archive_dev.o)
 .text.archive_fsync
                0x0000000000115754       0x6c C:/devkitPro/libctru/lib\libctru.a(archive_dev.o)
 .text.archive_dirclose
                0x00000000001157c0       0x70 C:/devkitPro/libctru/lib\libctru.a(archive_dev.o)
 .text.sdmc_statvfs
                0x0000000000115830       0xe8 C:/devkitPro/libctru/lib\libctru.a(archive_dev.o)
 .text.archive_ftruncate
                0x0000000000115918       0x80 C:/devkitPro/libctru/lib\libctru.a(archive_dev.o)
 .text.archive_chdir
                0x0000000000115998       0xfc C:/devkitPro/libctru/lib\libctru.a(archive_dev.o)
 .text.archive_read
                0x0000000000115a94       0xb0 C:/devkitPro/libctru/lib\libctru.a(archive_dev.o)
 .text.archive_unlink
                0x0000000000115b44       0xac C:/devkitPro/libctru/lib\libctru.a(archive_dev.o)
 .text.archive_rmdir
                0x0000000000115bf0       0xc8 C:/devkitPro/libctru/lib\libctru.a(archive_dev.o)
 .text.archive_mkdir
                0x0000000000115cb8       0xec C:/devkitPro/libctru/lib\libctru.a(archive_dev.o)
 .text.archive_stat
                0x0000000000115da4      0x1a8 C:/devkitPro/libctru/lib\libctru.a(archive_dev.o)
 .text.archive_rename
                0x0000000000115f4c      0x26c C:/devkitPro/libctru/lib\libctru.a(archive_dev.o)
 .text.archive_dirnext
                0x00000000001161b8      0x168 C:/devkitPro/libctru/lib\libctru.a(archive_dev.o)
 .text.archive_write
                0x0000000000116320      0x12c C:/devkitPro/libctru/lib\libctru.a(archive_dev.o)
 .text.archive_open
                0x000000000011644c      0x1e8 C:/devkitPro/libctru/lib\libctru.a(archive_dev.o)
 .text.archiveMountSdmc
                0x0000000000116634      0x1a4 C:/devkitPro/libctru/lib\libctru.a(archive_dev.o)
                0x0000000000116634                archiveMountSdmc
 .text.archiveUnmountAll
                0x00000000001167d8       0x54 C:/devkitPro/libctru/lib\libctru.a(archive_dev.o)
                0x00000000001167d8                archiveUnmountAll
 .text.cwav_initialize
                0x000000000011682c      0x394 C:/devkitPro/libcwav/lib\libcwav.a(cwav.o)
 .text.cwav_stopImpl.part.0
                0x0000000000116bc0       0xf4 C:/devkitPro/libcwav/lib\libcwav.a(cwav.o)
 .text.cwavUseEnvironment
                0x0000000000116cb4        0x4 C:/devkitPro/libcwav/lib\libcwav.a(cwav.o)
                0x0000000000116cb4                cwavUseEnvironment
 .text.cwavLoad
                0x0000000000116cb8       0x50 C:/devkitPro/libcwav/lib\libcwav.a(cwav.o)
                0x0000000000116cb8                cwavLoad
 .text.cwavPlay
                0x0000000000116d08      0x4a4 C:/devkitPro/libcwav/lib\libcwav.a(cwav.o)
                0x0000000000116d08                cwavPlay
 .text.cwavStop
                0x00000000001171ac       0x64 C:/devkitPro/libcwav/lib\libcwav.a(cwav.o)
                0x00000000001171ac                cwavStop
 .text.cwavFree
                0x0000000000117210      0x170 C:/devkitPro/libcwav/lib\libcwav.a(cwav.o)
                0x0000000000117210                cwavFree
 .text.cwavIsPlaying
                0x0000000000117380       0xac C:/devkitPro/libcwav/lib\libcwav.a(cwav.o)
                0x0000000000117380                cwavIsPlaying
 .text.cwav_defaultVAToPA
                0x000000000011742c        0x4 C:/devkitPro/libcwav/lib\libcwav.a(cwav_env.o)
                0x000000000011742c                cwav_defaultVAToPA
 .text.cwavEnvUseEnvironment
                0x0000000000117430       0x10 C:/devkitPro/libcwav/lib\libcwav.a(cwav_env.o)
                0x0000000000117430                cwavEnvUseEnvironment
 .text.cwavEnvInitialize
                0x0000000000117440       0x2c C:/devkitPro/libcwav/lib\libcwav.a(cwav_env.o)
                0x0000000000117440                cwavEnvInitialize
 .text.cwavEnvFinalize
                0x000000000011746c       0x34 C:/devkitPro/libcwav/lib\libcwav.a(cwav_env.o)
                0x000000000011746c                cwavEnvFinalize
 .text.cwavEnvCompatibleEncoding
                0x00000000001174a0       0x58 C:/devkitPro/libcwav/lib\libcwav.a(cwav_env.o)
                0x00000000001174a0                cwavEnvCompatibleEncoding
 .text.cwavEnvGetChannelAmount
                0x00000000001174f8       0x2c C:/devkitPro/libcwav/lib\libcwav.a(cwav_env.o)
                0x00000000001174f8                cwavEnvGetChannelAmount
 .text.cwavEnvIsChannelAvailable
                0x0000000000117524       0x30 C:/devkitPro/libcwav/lib\libcwav.a(cwav_env.o)
                0x0000000000117524                cwavEnvIsChannelAvailable
 .text.cwavEnvPlay
                0x0000000000117554      0x298 C:/devkitPro/libcwav/lib\libcwav.a(cwav_env.o)
                0x0000000000117554                cwavEnvPlay
 .text.cwavEnvChannelIsPlaying
                0x00000000001177ec       0x74 C:/devkitPro/libcwav/lib\libcwav.a(cwav_env.o)
                0x00000000001177ec                cwavEnvChannelIsPlaying
 .text.cwavEnvStop
                0x0000000000117860       0x58 C:/devkitPro/libcwav/lib\libcwav.a(cwav_env.o)
                0x0000000000117860                cwavEnvStop
 .text.NCSNDCmd_Add
                0x00000000001178b8       0xb8 C:/devkitPro/libncsnd/lib\libncsnd.a(ncsnd.o)
 .text.NCSNDCmd_Execute.constprop.0
                0x0000000000117970       0x84 C:/devkitPro/libncsnd/lib\libncsnd.a(ncsnd.o)
 .text.ncsndInitializeSound
                0x00000000001179f4       0x24 C:/devkitPro/libncsnd/lib\libncsnd.a(ncsnd.o)
                0x00000000001179f4                ncsndInitializeSound
 .text.ncsndPlaySound
                0x0000000000117a18      0x260 C:/devkitPro/libncsnd/lib\libncsnd.a(ncsnd.o)
                0x0000000000117a18                ncsndPlaySound
 .text.ncsndStopSound
                0x0000000000117c78       0x40 C:/devkitPro/libncsnd/lib\libncsnd.a(ncsnd.o)
                0x0000000000117c78                ncsndStopSound
 .text.ncsndIsPlaying
                0x0000000000117cb8       0x90 C:/devkitPro/libncsnd/lib\libncsnd.a(ncsnd.o)
                0x0000000000117cb8                ncsndIsPlaying
 .text.cosf     0x0000000000117d48      0x22c c:/devkitpro/devkitarm/bin/../lib/gcc/arm-none-eabi/11.2.0/../../../../arm-none-eabi/lib/armv6k/fpu\libm.a(lib_a-cosf.o)
                0x0000000000117d48                cosf
 .text.with_errnof
                0x0000000000117f74       0x24 c:/devkitpro/devkitarm/bin/../lib/gcc/arm-none-eabi/11.2.0/../../../../arm-none-eabi/lib/armv6k/fpu\libm.a(lib_a-math_errf.o)
 .text.__math_invalidf
                0x0000000000117f98       0x1c c:/devkitpro/devkitarm/bin/../lib/gcc/arm-none-eabi/11.2.0/../../../../arm-none-eabi/lib/armv6k/fpu\libm.a(lib_a-math_errf.o)
                0x0000000000117f98                __math_invalidf
 *fill*         0x0000000000117fb4        0x4 
 .text.sinf     0x0000000000117fb8      0x26c c:/devkitpro/devkitarm/bin/../lib/gcc/arm-none-eabi/11.2.0/../../../../arm-none-eabi/lib/armv6k/fpu\libm.a(lib_a-sinf.o)
                0x0000000000117fb8                sinf
 .text.__popcountsi2
                0x0000000000118224       0x44 c:/devkitpro/devkitarm/bin/../lib/gcc/arm-none-eabi/11.2.0/armv6k/fpu\libgcc.a(_popcountsi2.o)
                0x0000000000118224                __popcountsi2
 .text.__udivmoddi4
                0x0000000000118268      0x120 c:/devkitpro/devkitarm/bin/../lib/gcc/arm-none-eabi/11.2.0/armv6k/fpu\libgcc.a(_udivmoddi4.o)
                0x0000000000118268                __udivmoddi4
 .text.bsearch  0x0000000000118388       0x78 c:/devkitpro/devkitarm/bin/../lib/gcc/arm-none-eabi/11.2.0/../../../../arm-none-eabi/lib/armv6k/fpu\libg.a(lib_a-bsearch.o)
                0x0000000000118388                bsearch
 .text.calloc   0x0000000000118400       0x28 c:/devkitpro/devkitarm/bin/../lib/gcc/arm-none-eabi/11.2.0/../../../../arm-none-eabi/lib/armv6k/fpu\libg.a(lib_a-calloc.o)
                0x0000000000118400                calloc
 .text._calloc_r
                0x0000000000118428       0xbc c:/devkitpro/devkitarm/bin/../lib/gcc/arm-none-eabi/11.2.0/../../../../arm-none-eabi/lib/armv6k/fpu\libg.a(lib_a-callocr.o)
                0x0000000000118428                _calloc_r
 .text.__errno  0x00000000001184e4        0xc c:/devkitpro/devkitarm/bin/../lib/gcc/arm-none-eabi/11.2.0/../../../../arm-none-eabi/lib/armv6k/fpu\libg.a(lib_a-errno.o)
                0x00000000001184e4                __errno
 .text.exit     0x00000000001184f0       0x34 c:/devkitpro/devkitarm/bin/../lib/gcc/arm-none-eabi/11.2.0/../../../../arm-none-eabi/lib/armv6k/fpu\libg.a(lib_a-exit.o)
                0x00000000001184f0                exit
 .text._fclose_r
                0x0000000000118524      0x160 c:/devkitpro/devkitarm/bin/../lib/gcc/arm-none-eabi/11.2.0/../../../../arm-none-eabi/lib/armv6k/fpu\libg.a(lib_a-fclose.o)
                0x0000000000118524                _fclose_r
 .text.fclose   0x0000000000118684       0x20 c:/devkitpro/devkitarm/bin/../lib/gcc/arm-none-eabi/11.2.0/../../../../arm-none-eabi/lib/armv6k/fpu\libg.a(lib_a-fclose.o)
                0x0000000000118684                fclose
 .text.__sflush_r
                0x00000000001186a4      0x258 c:/devkitpro/devkitarm/bin/../lib/gcc/arm-none-eabi/11.2.0/../../../../arm-none-eabi/lib/armv6k/fpu\libg.a(lib_a-fflush.o)
                0x00000000001186a4                __sflush_r
 .text._fflush_r
                0x00000000001188fc       0x94 c:/devkitpro/devkitarm/bin/../lib/gcc/arm-none-eabi/11.2.0/../../../../arm-none-eabi/lib/armv6k/fpu\libg.a(lib_a-fflush.o)
                0x00000000001188fc                _fflush_r
 .text.fflush   0x0000000000118990       0x38 c:/devkitpro/devkitarm/bin/../lib/gcc/arm-none-eabi/11.2.0/../../../../arm-none-eabi/lib/armv6k/fpu\libg.a(lib_a-fflush.o)
                0x0000000000118990                fflush
 .text._cleanup_r
                0x00000000001189c8        0xc c:/devkitpro/devkitarm/bin/../lib/gcc/arm-none-eabi/11.2.0/../../../../arm-none-eabi/lib/armv6k/fpu\libg.a(lib_a-findfp.o)
                0x00000000001189c8                _cleanup_r
 .text.__sinit  0x00000000001189d4      0x184 c:/devkitpro/devkitarm/bin/../lib/gcc/arm-none-eabi/11.2.0/../../../../arm-none-eabi/lib/armv6k/fpu\libg.a(lib_a-findfp.o)
                0x00000000001189d4                __sinit
 .text.__sfp    0x0000000000118b58      0x134 c:/devkitpro/devkitarm/bin/../lib/gcc/arm-none-eabi/11.2.0/../../../../arm-none-eabi/lib/armv6k/fpu\libg.a(lib_a-findfp.o)
                0x0000000000118b58                __sfp
 .text.__sfp_lock_acquire
                0x0000000000118c8c        0xc c:/devkitpro/devkitarm/bin/../lib/gcc/arm-none-eabi/11.2.0/../../../../arm-none-eabi/lib/armv6k/fpu\libg.a(lib_a-findfp.o)
                0x0000000000118c8c                __sfp_lock_acquire
 .text.__sfp_lock_release
                0x0000000000118c98        0xc c:/devkitpro/devkitarm/bin/../lib/gcc/arm-none-eabi/11.2.0/../../../../arm-none-eabi/lib/armv6k/fpu\libg.a(lib_a-findfp.o)
                0x0000000000118c98                __sfp_lock_release
 .text.__libc_fini_array
                0x0000000000118ca4       0x3c c:/devkitpro/devkitarm/bin/../lib/gcc/arm-none-eabi/11.2.0/../../../../arm-none-eabi/lib/armv6k/fpu\libg.a(lib_a-fini.o)
                0x0000000000118ca4                __libc_fini_array
 .text._fopen_r
                0x0000000000118ce0      0x140 c:/devkitpro/devkitarm/bin/../lib/gcc/arm-none-eabi/11.2.0/../../../../arm-none-eabi/lib/armv6k/fpu\libg.a(lib_a-fopen.o)
                0x0000000000118ce0                _fopen_r
 .text.fopen    0x0000000000118e20       0x28 c:/devkitpro/devkitarm/bin/../lib/gcc/arm-none-eabi/11.2.0/../../../../arm-none-eabi/lib/armv6k/fpu\libg.a(lib_a-fopen.o)
                0x0000000000118e20                fopen
 .text._fread_r
                0x0000000000118e48      0x2d4 c:/devkitpro/devkitarm/bin/../lib/gcc/arm-none-eabi/11.2.0/../../../../arm-none-eabi/lib/armv6k/fpu\libg.a(lib_a-fread.o)
                0x0000000000118e48                _fread_r
 .text.fread    0x000000000011911c       0x38 c:/devkitpro/devkitarm/bin/../lib/gcc/arm-none-eabi/11.2.0/../../../../arm-none-eabi/lib/armv6k/fpu\libg.a(lib_a-fread.o)
                0x000000000011911c                fread
 .text._malloc_trim_r
                0x0000000000119154       0xf8 c:/devkitpro/devkitarm/bin/../lib/gcc/arm-none-eabi/11.2.0/../../../../arm-none-eabi/lib/armv6k/fpu\libg.a(lib_a-freer.o)
                0x0000000000119154                _malloc_trim_r
 .text._free_r  0x000000000011924c      0x2e4 c:/devkitpro/devkitarm/bin/../lib/gcc/arm-none-eabi/11.2.0/../../../../arm-none-eabi/lib/armv6k/fpu\libg.a(lib_a-freer.o)
                0x000000000011924c                _free_r
 .text._fseek_r
                0x0000000000119530       0x1c c:/devkitpro/devkitarm/bin/../lib/gcc/arm-none-eabi/11.2.0/../../../../arm-none-eabi/lib/armv6k/fpu\libg.a(lib_a-fseek.o)
                0x0000000000119530                _fseek_r
 .text.fseek    0x000000000011954c       0x34 c:/devkitpro/devkitarm/bin/../lib/gcc/arm-none-eabi/11.2.0/../../../../arm-none-eabi/lib/armv6k/fpu\libg.a(lib_a-fseek.o)
                0x000000000011954c                fseek
 .text._fseeko_r
                0x0000000000119580      0x598 c:/devkitpro/devkitarm/bin/../lib/gcc/arm-none-eabi/11.2.0/../../../../arm-none-eabi/lib/armv6k/fpu\libg.a(lib_a-fseeko.o)
                0x0000000000119580                _fseeko_r
 .text.ftell    0x0000000000119b18       0x34 c:/devkitpro/devkitarm/bin/../lib/gcc/arm-none-eabi/11.2.0/../../../../arm-none-eabi/lib/armv6k/fpu\libg.a(lib_a-ftell.o)
                0x0000000000119b18                ftell
 .text._ftello_r
                0x0000000000119b4c      0x1bc c:/devkitpro/devkitarm/bin/../lib/gcc/arm-none-eabi/11.2.0/../../../../arm-none-eabi/lib/armv6k/fpu\libg.a(lib_a-ftello.o)
                0x0000000000119b4c                _ftello_r
 .text._fwalk   0x0000000000119d08       0x68 c:/devkitpro/devkitarm/bin/../lib/gcc/arm-none-eabi/11.2.0/../../../../arm-none-eabi/lib/armv6k/fpu\libg.a(lib_a-fwalk.o)
                0x0000000000119d08                _fwalk
 .text._fwalk_reent
                0x0000000000119d70       0x70 c:/devkitpro/devkitarm/bin/../lib/gcc/arm-none-eabi/11.2.0/../../../../arm-none-eabi/lib/armv6k/fpu\libg.a(lib_a-fwalk.o)
                0x0000000000119d70                _fwalk_reent
 .text.__libc_init_array
                0x0000000000119de0       0x7c c:/devkitpro/devkitarm/bin/../lib/gcc/arm-none-eabi/11.2.0/../../../../arm-none-eabi/lib/armv6k/fpu\libg.a(lib_a-init.o)
                0x0000000000119de0                __libc_init_array
 .text.__smakebuf_r
                0x0000000000119e5c      0x138 c:/devkitpro/devkitarm/bin/../lib/gcc/arm-none-eabi/11.2.0/../../../../arm-none-eabi/lib/armv6k/fpu\libg.a(lib_a-makebuf.o)
                0x0000000000119e5c                __smakebuf_r
 .text.__swhatbuf_r
                0x0000000000119f94       0x8c c:/devkitpro/devkitarm/bin/../lib/gcc/arm-none-eabi/11.2.0/../../../../arm-none-eabi/lib/armv6k/fpu\libg.a(lib_a-makebuf.o)
                0x0000000000119f94                __swhatbuf_r
 .text.memalign
                0x000000000011a020       0x28 c:/devkitpro/devkitarm/bin/../lib/gcc/arm-none-eabi/11.2.0/../../../../arm-none-eabi/lib/armv6k/fpu\libg.a(lib_a-malign.o)
                0x000000000011a020                memalign
 .text._memalign_r
                0x000000000011a048      0x150 c:/devkitpro/devkitarm/bin/../lib/gcc/arm-none-eabi/11.2.0/../../../../arm-none-eabi/lib/armv6k/fpu\libg.a(lib_a-malignr.o)
                0x000000000011a048                _memalign_r
 .text.malloc   0x000000000011a198       0x20 c:/devkitpro/devkitarm/bin/../lib/gcc/arm-none-eabi/11.2.0/../../../../arm-none-eabi/lib/armv6k/fpu\libg.a(lib_a-malloc.o)
                0x000000000011a198                malloc
 .text.free     0x000000000011a1b8       0x20 c:/devkitpro/devkitarm/bin/../lib/gcc/arm-none-eabi/11.2.0/../../../../arm-none-eabi/lib/armv6k/fpu\libg.a(lib_a-malloc.o)
                0x000000000011a1b8                free
 .text._malloc_r
                0x000000000011a1d8      0x7e0 c:/devkitpro/devkitarm/bin/../lib/gcc/arm-none-eabi/11.2.0/../../../../arm-none-eabi/lib/armv6k/fpu\libg.a(lib_a-mallocr.o)
                0x000000000011a1d8                _malloc_r
 .text.memchr   0x000000000011a9b8       0xe0 c:/devkitpro/devkitarm/bin/../lib/gcc/arm-none-eabi/11.2.0/../../../../arm-none-eabi/lib/armv6k/fpu\libg.a(lib_a-memchr-stub.o)
                0x000000000011a9b8                memchr
 .text.memcmp   0x000000000011aa98       0xa8 c:/devkitpro/devkitarm/bin/../lib/gcc/arm-none-eabi/11.2.0/../../../../arm-none-eabi/lib/armv6k/fpu\libg.a(lib_a-memcmp.o)
                0x000000000011aa98                memcmp
 .text.memcpy   0x000000000011ab40      0x11c c:/devkitpro/devkitarm/bin/../lib/gcc/arm-none-eabi/11.2.0/../../../../arm-none-eabi/lib/armv6k/fpu\libg.a(lib_a-memcpy-stub.o)
                0x000000000011ab40                memcpy